Archive member included to satisfy reference by file (symbol)

d:/programs/stm32cubeide_1.11.2/stm32cubeide/plugins/com.st.stm32cube.ide.mcu.externaltools.gnu-tools-for-stm32.10.3-2021.10.win32_1.0.200.202301161003/tools/bin/../lib/gcc/arm-none-eabi/10.3.1/../../../../arm-none-eabi/lib/thumb/v6-m/nofp\libc_nano.a(lib_a-errno.o)
                              ./Core/Src/syscalls.o (__errno)
d:/programs/stm32cubeide_1.11.2/stm32cubeide/plugins/com.st.stm32cube.ide.mcu.externaltools.gnu-tools-for-stm32.10.3-2021.10.win32_1.0.200.202301161003/tools/bin/../lib/gcc/arm-none-eabi/10.3.1/../../../../arm-none-eabi/lib/thumb/v6-m/nofp\libc_nano.a(lib_a-exit.o)
                              d:/programs/stm32cubeide_1.11.2/stm32cubeide/plugins/com.st.stm32cube.ide.mcu.externaltools.gnu-tools-for-stm32.10.3-2021.10.win32_1.0.200.202301161003/tools/bin/../lib/gcc/arm-none-eabi/10.3.1/../../../../arm-none-eabi/lib/thumb/v6-m/nofp/crt0.o (exit)
d:/programs/stm32cubeide_1.11.2/stm32cubeide/plugins/com.st.stm32cube.ide.mcu.externaltools.gnu-tools-for-stm32.10.3-2021.10.win32_1.0.200.202301161003/tools/bin/../lib/gcc/arm-none-eabi/10.3.1/../../../../arm-none-eabi/lib/thumb/v6-m/nofp\libc_nano.a(lib_a-impure.o)
                              d:/programs/stm32cubeide_1.11.2/stm32cubeide/plugins/com.st.stm32cube.ide.mcu.externaltools.gnu-tools-for-stm32.10.3-2021.10.win32_1.0.200.202301161003/tools/bin/../lib/gcc/arm-none-eabi/10.3.1/../../../../arm-none-eabi/lib/thumb/v6-m/nofp\libc_nano.a(lib_a-exit.o) (_global_impure_ptr)
d:/programs/stm32cubeide_1.11.2/stm32cubeide/plugins/com.st.stm32cube.ide.mcu.externaltools.gnu-tools-for-stm32.10.3-2021.10.win32_1.0.200.202301161003/tools/bin/../lib/gcc/arm-none-eabi/10.3.1/../../../../arm-none-eabi/lib/thumb/v6-m/nofp\libc_nano.a(lib_a-init.o)
                              d:/programs/stm32cubeide_1.11.2/stm32cubeide/plugins/com.st.stm32cube.ide.mcu.externaltools.gnu-tools-for-stm32.10.3-2021.10.win32_1.0.200.202301161003/tools/bin/../lib/gcc/arm-none-eabi/10.3.1/../../../../arm-none-eabi/lib/thumb/v6-m/nofp/crt0.o (__libc_init_array)
d:/programs/stm32cubeide_1.11.2/stm32cubeide/plugins/com.st.stm32cube.ide.mcu.externaltools.gnu-tools-for-stm32.10.3-2021.10.win32_1.0.200.202301161003/tools/bin/../lib/gcc/arm-none-eabi/10.3.1/../../../../arm-none-eabi/lib/thumb/v6-m/nofp\libc_nano.a(lib_a-memcpy-stub.o)
                              ./Common/spi.o (memcpy)
d:/programs/stm32cubeide_1.11.2/stm32cubeide/plugins/com.st.stm32cube.ide.mcu.externaltools.gnu-tools-for-stm32.10.3-2021.10.win32_1.0.200.202301161003/tools/bin/../lib/gcc/arm-none-eabi/10.3.1/../../../../arm-none-eabi/lib/thumb/v6-m/nofp\libc_nano.a(lib_a-memset.o)
                              d:/programs/stm32cubeide_1.11.2/stm32cubeide/plugins/com.st.stm32cube.ide.mcu.externaltools.gnu-tools-for-stm32.10.3-2021.10.win32_1.0.200.202301161003/tools/bin/../lib/gcc/arm-none-eabi/10.3.1/../../../../arm-none-eabi/lib/thumb/v6-m/nofp/crt0.o (memset)
d:/programs/stm32cubeide_1.11.2/stm32cubeide/plugins/com.st.stm32cube.ide.mcu.externaltools.gnu-tools-for-stm32.10.3-2021.10.win32_1.0.200.202301161003/tools/bin/../lib/gcc/arm-none-eabi/10.3.1/../../../../arm-none-eabi/lib/thumb/v6-m/nofp\libc_nano.a(lib_a-puts.o)
                              ./Common/lib/gps/max_m10s.o (puts)
d:/programs/stm32cubeide_1.11.2/stm32cubeide/plugins/com.st.stm32cube.ide.mcu.externaltools.gnu-tools-for-stm32.10.3-2021.10.win32_1.0.200.202301161003/tools/bin/../lib/gcc/arm-none-eabi/10.3.1/../../../../arm-none-eabi/lib/thumb/v6-m/nofp\libc_nano.a(lib_a-wbuf.o)
                              d:/programs/stm32cubeide_1.11.2/stm32cubeide/plugins/com.st.stm32cube.ide.mcu.externaltools.gnu-tools-for-stm32.10.3-2021.10.win32_1.0.200.202301161003/tools/bin/../lib/gcc/arm-none-eabi/10.3.1/../../../../arm-none-eabi/lib/thumb/v6-m/nofp\libc_nano.a(lib_a-puts.o) (__swbuf_r)
d:/programs/stm32cubeide_1.11.2/stm32cubeide/plugins/com.st.stm32cube.ide.mcu.externaltools.gnu-tools-for-stm32.10.3-2021.10.win32_1.0.200.202301161003/tools/bin/../lib/gcc/arm-none-eabi/10.3.1/../../../../arm-none-eabi/lib/thumb/v6-m/nofp\libc_nano.a(lib_a-wsetup.o)
                              d:/programs/stm32cubeide_1.11.2/stm32cubeide/plugins/com.st.stm32cube.ide.mcu.externaltools.gnu-tools-for-stm32.10.3-2021.10.win32_1.0.200.202301161003/tools/bin/../lib/gcc/arm-none-eabi/10.3.1/../../../../arm-none-eabi/lib/thumb/v6-m/nofp\libc_nano.a(lib_a-puts.o) (__swsetup_r)
d:/programs/stm32cubeide_1.11.2/stm32cubeide/plugins/com.st.stm32cube.ide.mcu.externaltools.gnu-tools-for-stm32.10.3-2021.10.win32_1.0.200.202301161003/tools/bin/../lib/gcc/arm-none-eabi/10.3.1/../../../../arm-none-eabi/lib/thumb/v6-m/nofp\libc_nano.a(lib_a-fflush.o)
[...]
Memory Configuration

Name             Origin             Length             Attributes
RAM              0x0000000020008000 0x0000000000008000 xrw
FLASH            0x0000000008020000 0x0000000000020000 xr
*default*        0x0000000000000000 0xffffffffffffffff

Linker script and memory map

LOAD d:/programs/stm32cubeide_1.11.2/stm32cubeide/plugins/com.st.stm32cube.ide.mcu.externaltools.gnu-tools-for-stm32.10.3-2021.10.win32_1.0.200.202301161003/tools/bin/../lib/gcc/arm-none-eabi/10.3.1/thumb/v6-m/nofp/crti.o
LOAD d:/programs/stm32cubeide_1.11.2/stm32cubeide/plugins/com.st.stm32cube.ide.mcu.externaltools.gnu-tools-for-stm32.10.3-2021.10.win32_1.0.200.202301161003/tools/bin/../lib/gcc/arm-none-eabi/10.3.1/thumb/v6-m/nofp/crtbegin.o
LOAD d:/programs/stm32cubeide_1.11.2/stm32cubeide/plugins/com.st.stm32cube.ide.mcu.externaltools.gnu-tools-for-stm32.10.3-2021.10.win32_1.0.200.202301161003/tools/bin/../lib/gcc/arm-none-eabi/10.3.1/../../../../arm-none-eabi/lib/thumb/v6-m/nofp/crt0.o
LOAD ./Common/System/system_stm32wlxx.o
LOAD ./Common/gpio.o
LOAD ./Common/hab_timer.o
LOAD ./Common/i2c.o
LOAD ./Common/spi.o
LOAD ./Common/lib/gps/max_m10s.o
LOAD ./Common/lib/radio/hx1/hx1.o
LOAD ./Common/lib/radio/lora/lora.o
LOAD ./Common/lib/sensors/iis2mdc/iis2mdc.o
LOAD ./Common/lib/sensors/lsm6dsox/lsm6dsox.o
LOAD ./Common/lib/sensors/ms5637/ms5637.o
LOAD ./Common/lib/sensors/ms5637/ms5637_model.o
LOAD ./Core/Src/main.o
LOAD ./Core/Src/stm32wlxx_hal_msp.o
LOAD ./Core/Src/stm32wlxx_it.o
LOAD ./Core/Src/syscalls.o
LOAD ./Core/Src/sysmem.o
LOAD ./Core/Startup/startup_stm32wl55ccux.o
LOAD ./Drivers/STM32WLxx_HAL_Driver/stm32wlxx_hal.o
LOAD ./Drivers/STM32WLxx_HAL_Driver/stm32wlxx_hal_cortex.o
LOAD ./Drivers/STM32WLxx_HAL_Driver/stm32wlxx_hal_dma.o
LOAD ./Drivers/STM32WLxx_HAL_Driver/stm32wlxx_hal_dma_ex.o
LOAD ./Drivers/STM32WLxx_HAL_Driver/stm32wlxx_hal_exti.o
LOAD ./Drivers/STM32WLxx_HAL_Driver/stm32wlxx_hal_flash.o
LOAD ./Drivers/STM32WLxx_HAL_Driver/stm32wlxx_hal_flash_ex.o
LOAD ./Drivers/STM32WLxx_HAL_Driver/stm32wlxx_hal_gpio.o
LOAD ./Drivers/STM32WLxx_HAL_Driver/stm32wlxx_hal_i2c.o
LOAD ./Drivers/STM32WLxx_HAL_Driver/stm32wlxx_hal_i2c_ex.o
LOAD ./Drivers/STM32WLxx_HAL_Driver/stm32wlxx_hal_pwr.o
LOAD ./Drivers/STM32WLxx_HAL_Driver/stm32wlxx_hal_pwr_ex.o
LOAD ./Drivers/STM32WLxx_HAL_Driver/stm32wlxx_hal_rcc.o
LOAD ./Drivers/STM32WLxx_HAL_Driver/stm32wlxx_hal_rcc_ex.o
LOAD ./Drivers/STM32WLxx_HAL_Driver/stm32wlxx_hal_spi.o
LOAD ./Drivers/STM32WLxx_HAL_Driver/stm32wlxx_hal_spi_ex.o
LOAD ./Drivers/STM32WLxx_HAL_Driver/stm32wlxx_hal_subghz.o
LOAD ./Drivers/STM32WLxx_HAL_Driver/stm32wlxx_hal_tim.o
LOAD ./Drivers/STM32WLxx_HAL_Driver/stm32wlxx_hal_tim_ex.o
START GROUP
LOAD d:/programs/stm32cubeide_1.11.2/stm32cubeide/plugins/com.st.stm32cube.ide.mcu.externaltools.gnu-tools-for-stm32.10.3-2021.10.win32_1.0.200.202301161003/tools/bin/../lib/gcc/arm-none-eabi/10.3.1/../../../../arm-none-eabi/lib/thumb/v6-m/nofp\libc_nano.a
LOAD d:/programs/stm32cubeide_1.11.2/stm32cubeide/plugins/com.st.stm32cube.ide.mcu.externaltools.gnu-tools-for-stm32.10.3-2021.10.win32_1.0.200.202301161003/tools/bin/../lib/gcc/arm-none-eabi/10.3.1/../../../../arm-none-eabi/lib/thumb/v6-m/nofp\libm.a
END GROUP
START GROUP
LOAD d:/programs/stm32cubeide_1.11.2/stm32cubeide/plugins/com.st.stm32cube.ide.mcu.externaltools.gnu-tools-for-stm32.10.3-2021.10.win32_1.0.200.202301161003/tools/bin/../lib/gcc/arm-none-eabi/10.3.1/thumb/v6-m/nofp\libgcc.a
LOAD d:/programs/stm32cubeide_1.11.2/stm32cubeide/plugins/com.st.stm32cube.ide.mcu.externaltools.gnu-tools-for-stm32.10.3-2021.10.win32_1.0.200.202301161003/tools/bin/../lib/gcc/arm-none-eabi/10.3.1/../../../../arm-none-eabi/lib/thumb/v6-m/nofp\libc_nano.a
END GROUP
START GROUP
LOAD d:/programs/stm32cubeide_1.11.2/stm32cubeide/plugins/com.st.stm32cube.ide.mcu.externaltools.gnu-tools-for-stm32.10.3-2021.10.win32_1.0.200.202301161003/tools/bin/../lib/gcc/arm-none-eabi/10.3.1/thumb/v6-m/nofp\libgcc.a
LOAD d:/programs/stm32cubeide_1.11.2/stm32cubeide/plugins/com.st.stm32cube.ide.mcu.externaltools.gnu-tools-for-stm32.10.3-2021.10.win32_1.0.200.202301161003/tools/bin/../lib/gcc/arm-none-eabi/10.3.1/../../../../arm-none-eabi/lib/thumb/v6-m/nofp\libc_nano.a
LOAD d:/programs/stm32cubeide_1.11.2/stm32cubeide/plugins/com.st.stm32cube.ide.mcu.externaltools.gnu-tools-for-stm32.10.3-2021.10.win32_1.0.200.202301161003/tools/bin/../lib/gcc/arm-none-eabi/10.3.1/../../../../arm-none-eabi/lib/thumb/v6-m/nofp\libnosys.a
END GROUP
START GROUP
LOAD d:/programs/stm32cubeide_1.11.2/stm32cubeide/plugins/com.st.stm32cube.ide.mcu.externaltools.gnu-tools-for-stm32.10.3-2021.10.win32_1.0.200.202301161003/tools/bin/../lib/gcc/arm-none-eabi/10.3.1/thumb/v6-m/nofp\libgcc.a
LOAD d:/programs/stm32cubeide_1.11.2/stm32cubeide/plugins/com.st.stm32cube.ide.mcu.externaltools.gnu-tools-for-stm32.10.3-2021.10.win32_1.0.200.202301161003/tools/bin/../lib/gcc/arm-none-eabi/10.3.1/../../../../arm-none-eabi/lib/thumb/v6-m/nofp\libc_nano.a
LOAD d:/programs/stm32cubeide_1.11.2/stm32cubeide/plugins/com.st.stm32cube.ide.mcu.externaltools.gnu-tools-for-stm32.10.3-2021.10.win32_1.0.200.202301161003/tools/bin/../lib/gcc/arm-none-eabi/10.3.1/../../../../arm-none-eabi/lib/thumb/v6-m/nofp\libnosys.a
END GROUP
LOAD d:/programs/stm32cubeide_1.11.2/stm32cubeide/plugins/com.st.stm32cube.ide.mcu.externaltools.gnu-tools-for-stm32.10.3-2021.10.win32_1.0.200.202301161003/tools/bin/../lib/gcc/arm-none-eabi/10.3.1/thumb/v6-m/nofp/crtend.o
LOAD d:/programs/stm32cubeide_1.11.2/stm32cubeide/plugins/com.st.stm32cube.ide.mcu.externaltools.gnu-tools-for-stm32.10.3-2021.10.win32_1.0.200.202301161003/tools/bin/../lib/gcc/arm-none-eabi/10.3.1/thumb/v6-m/nofp/crtn.o
                0x0000000020010000                _estack = (ORIGIN (RAM) + LENGTH (RAM))
                0x0000000000000200                _Min_Heap_Size = 0x200
                0x0000000000000400                _Min_Stack_Size = 0x400

.isr_vector     0x0000000008020000       0xc0
                0x0000000008020000                . = ALIGN (0x4)
 *(.isr_vector)
 .isr_vector    0x0000000008020000       0xc0 ./Core/Startup/startup_stm32wl55ccux.o
                0x0000000008020000                g_pfnVectors
                0x00000000080200c0                . = ALIGN (0x4)

.text           0x00000000080200c0      0x9b0
                0x00000000080200c0                . = ALIGN (0x4)
 *(.text)
 .text          0x00000000080200c0       0x48 d:/programs/stm32cubeide_1.11.2/stm32cubeide/plugins/com.st.stm32cube.ide.mcu.externaltools.gnu-tools-for-stm32.10.3-2021.10.win32_1.0.200.202301161003/tools/bin/../lib/gcc/arm-none-eabi/10.3.1/thumb/v6-m/nofp/crtbegin.o
 .text          0x0000000008020108      0x114 d:/programs/stm32cubeide_1.11.2/stm32cubeide/plugins/com.st.stm32cube.ide.mcu.externaltools.gnu-tools-for-stm32.10.3-2021.10.win32_1.0.200.202301161003/tools/bin/../lib/gcc/arm-none-eabi/10.3.1/thumb/v6-m/nofp\libgcc.a(_udivsi3.o)
                0x0000000008020108                __aeabi_uidiv
                0x0000000008020108                __udivsi3
                0x0000000008020214                __aeabi_uidivmod
 .text          0x000000000802021c        0x4 d:/programs/stm32cubeide_1.11.2/stm32cubeide/plugins/com.st.stm32cube.ide.mcu.externaltools.gnu-tools-for-stm32.10.3-2021.10.win32_1.0.200.202301161003/tools/bin/../lib/gcc/arm-none-eabi/10.3.1/thumb/v6-m/nofp\libgcc.a(_dvmd_tls.o)
                0x000000000802021c                __aeabi_idiv0
                0x000000000802021c                __aeabi_ldiv0
 *(.text*)
 .text.SystemInit
                0x0000000008020220        0xa ./Common/System/system_stm32wlxx.o
                0x0000000008020220                SystemInit
 .text.main     0x000000000802022a        0xe ./Core/Src/main.o
                0x000000000802022a                main
 .text.MX_SUBGHZ_Init
                0x0000000008020238       0x24 ./Core/Src/main.o
 .text.Error_Handler
                0x000000000802025c        0xa ./Core/Src/main.o
                0x000000000802025c                Error_Handler
 .text.LL_C2_APB3_GRP1_EnableClock
                0x0000000008020266       0x3a ./Core/Src/stm32wlxx_hal_msp.o
 .text.HAL_MspInit
                0x00000000080202a0        0xa ./Core/Src/stm32wlxx_hal_msp.o
                0x00000000080202a0                HAL_MspInit
 .text.HAL_SUBGHZ_MspInit
                0x00000000080202aa       0x16 ./Core/Src/stm32wlxx_hal_msp.o
                0x00000000080202aa                HAL_SUBGHZ_MspInit
 .text.NMI_Handler
                0x00000000080202c0        0x6 ./Core/Src/stm32wlxx_it.o
                0x00000000080202c0                NMI_Handler
 .text.HardFault_Handler
                0x00000000080202c6        0x6 ./Core/Src/stm32wlxx_it.o
                0x00000000080202c6                HardFault_Handler
 .text.SVC_Handler
                0x00000000080202cc        0xa ./Core/Src/stm32wlxx_it.o
                0x00000000080202cc                SVC_Handler
 .text.PendSV_Handler
                0x00000000080202d6        0xa ./Core/Src/stm32wlxx_it.o
                0x00000000080202d6                PendSV_Handler
 .text.SysTick_Handler
                0x00000000080202e0        0xe ./Core/Src/stm32wlxx_it.o
                0x00000000080202e0                SysTick_Handler
 *fill*         0x00000000080202ee        0x2 
 .text.Reset_Handler
                0x00000000080202f0       0x50 ./Core/Startup/startup_stm32wl55ccux.o
                0x00000000080202f0                Reset_Handler
 .text.Default_Handler
                0x0000000008020340        0x2 ./Core/Startup/startup_stm32wl55ccux.o
                0x0000000008020340                I2C1_IRQHandler
                0x0000000008020340                LPTIM2_IRQHandler
                0x0000000008020340                LPTIM3_IRQHandler
                0x0000000008020340                AES_PKA_IRQHandler
                0x0000000008020340                SPI1_IRQHandler
                0x0000000008020340                ADC_COMP_DAC_IRQHandler
                0x0000000008020340                I2C2_IRQHandler
                0x0000000008020340                TIM17_IRQHandler
                0x0000000008020340                EXTI15_4_IRQHandler
                0x0000000008020340                RCC_FLASH_C1SEV_IRQHandler
                0x0000000008020340                SUBGHZSPI_IRQHandler
                0x0000000008020340                DMA1_Channel4_5_6_7_IRQHandler
                0x0000000008020340                SUBGHZ_Radio_IRQHandler
                0x0000000008020340                EXTI1_0_IRQHandler
                0x0000000008020340                TIM16_IRQHandler
                0x0000000008020340                Default_Handler
                0x0000000008020340                TIM1_IRQHandler
                0x0000000008020340                IPCC_C2_RX_C2_TX_IRQHandler
                0x0000000008020340                RTC_LSECSS_IRQHandler
                0x0000000008020340                I2C3_IRQHandler
                0x0000000008020340                PVD_PVM_IRQHandler
                0x0000000008020340                SPI2_IRQHandler
                0x0000000008020340                DMA2_DMAMUX1_OVR_IRQHandler
                0x0000000008020340                EXTI3_2_IRQHandler
                0x0000000008020340                RNG_IRQHandler
                0x0000000008020340                HSEM_IRQHandler
                0x0000000008020340                LPUART1_IRQHandler
                0x0000000008020340                TIM2_IRQHandler
                0x0000000008020340                TZIC_ILA_IRQHandler
                0x0000000008020340                USART2_IRQHandler
                0x0000000008020340                USART1_IRQHandler
                0x0000000008020340                DMA1_Channel1_2_3_IRQHandler
                0x0000000008020340                LPTIM1_IRQHandler
 *fill*         0x0000000008020342        0x2 
 .text.HAL_Init
                0x0000000008020344       0x3c ./Drivers/STM32WLxx_HAL_Driver/stm32wlxx_hal.o
                0x0000000008020344                HAL_Init
 .text.HAL_InitTick
                0x0000000008020380       0x90 ./Drivers/STM32WLxx_HAL_Driver/stm32wlxx_hal.o
                0x0000000008020380                HAL_InitTick
 .text.HAL_IncTick
                0x0000000008020410       0x24 ./Drivers/STM32WLxx_HAL_Driver/stm32wlxx_hal.o
                0x0000000008020410                HAL_IncTick
 .text.__NVIC_SetPriority
                0x0000000008020434       0xdc ./Drivers/STM32WLxx_HAL_Driver/stm32wlxx_hal_cortex.o
 .text.SysTick_Config
                0x0000000008020510       0x48 ./Drivers/STM32WLxx_HAL_Driver/stm32wlxx_hal_cortex.o
 .text.HAL_NVIC_SetPriority
                0x0000000008020558       0x2a ./Drivers/STM32WLxx_HAL_Driver/stm32wlxx_hal_cortex.o
                0x0000000008020558                HAL_NVIC_SetPriority
 .text.HAL_SYSTICK_Config
                0x0000000008020582       0x1a ./Drivers/STM32WLxx_HAL_Driver/stm32wlxx_hal_cortex.o
                0x0000000008020582                HAL_SYSTICK_Config
 .text.LL_RCC_HSE_IsEnabledDiv2
                0x000000000802059c       0x24 ./Drivers/STM32WLxx_HAL_Driver/stm32wlxx_hal_rcc.o
 .text.LL_RCC_MSI_IsEnabledRangeSelect
                0x00000000080205c0       0x1e ./Drivers/STM32WLxx_HAL_Driver/stm32wlxx_hal_rcc.o
 .text.LL_RCC_MSI_GetRange
                0x00000000080205de       0x14 ./Drivers/STM32WLxx_HAL_Driver/stm32wlxx_hal_rcc.o
 .text.LL_RCC_MSI_GetRangeAfterStandby
                0x00000000080205f2       0x18 ./Drivers/STM32WLxx_HAL_Driver/stm32wlxx_hal_rcc.o
 .text.LL_RCC_GetSysClkSource
                0x000000000802060a       0x14 ./Drivers/STM32WLxx_HAL_Driver/stm32wlxx_hal_rcc.o
 .text.LL_C2_RCC_GetAHBPrescaler
                0x000000000802061e       0x18 ./Drivers/STM32WLxx_HAL_Driver/stm32wlxx_hal_rcc.o
 .text.LL_RCC_PLL_GetN
                0x0000000008020636       0x16 ./Drivers/STM32WLxx_HAL_Driver/stm32wlxx_hal_rcc.o
 .text.LL_RCC_PLL_GetR
                0x000000000802064c       0x14 ./Drivers/STM32WLxx_HAL_Driver/stm32wlxx_hal_rcc.o
 .text.LL_RCC_PLL_GetDivider
                0x0000000008020660       0x14 ./Drivers/STM32WLxx_HAL_Driver/stm32wlxx_hal_rcc.o
 .text.LL_RCC_PLL_GetMainSource
                0x0000000008020674       0x14 ./Drivers/STM32WLxx_HAL_Driver/stm32wlxx_hal_rcc.o
 .text.HAL_RCC_GetSysClockFreq
                0x0000000008020688      0x154 ./Drivers/STM32WLxx_HAL_Driver/stm32wlxx_hal_rcc.o
                0x0000000008020688                HAL_RCC_GetSysClockFreq
 .text.HAL_RCC_GetHCLK2Freq
                0x00000000080207dc       0x30 ./Drivers/STM32WLxx_HAL_Driver/stm32wlxx_hal_rcc.o
                0x00000000080207dc                HAL_RCC_GetHCLK2Freq
 .text.LL_PWR_SetRadioBusyTrigger
                0x000000000802080c       0x2c ./Drivers/STM32WLxx_HAL_Driver/stm32wlxx_hal_subghz.o
 .text.LL_PWR_UnselectSUBGHZSPI_NSS
                0x0000000008020838       0x20 ./Drivers/STM32WLxx_HAL_Driver/stm32wlxx_hal_subghz.o
 .text.LL_PWR_ClearFlag_RFBUSY
                0x0000000008020858       0x18 ./Drivers/STM32WLxx_HAL_Driver/stm32wlxx_hal_subghz.o
 .text.LL_RCC_RF_DisableReset
                0x0000000008020870       0x24 ./Drivers/STM32WLxx_HAL_Driver/stm32wlxx_hal_subghz.o
 .text.LL_RCC_IsRFUnderReset
                0x0000000008020894       0x26 ./Drivers/STM32WLxx_HAL_Driver/stm32wlxx_hal_subghz.o
 *fill*         0x00000000080208ba        0x2 
 .text.LL_EXTI_EnableIT_32_63
                0x00000000080208bc       0x24 ./Drivers/STM32WLxx_HAL_Driver/stm32wlxx_hal_subghz.o
 .text.HAL_SUBGHZ_Init
                0x00000000080208e0       0xf0 ./Drivers/STM32WLxx_HAL_Driver/stm32wlxx_hal_subghz.o
                0x00000000080208e0                HAL_SUBGHZ_Init
 .text.SUBGHZSPI_Init
                0x00000000080209d0       0x40 ./Drivers/STM32WLxx_HAL_Driver/stm32wlxx_hal_subghz.o
                0x00000000080209d0                SUBGHZSPI_Init
 .text.__libc_init_array
                0x0000000008020a10       0x48 d:/programs/stm32cubeide_1.11.2/stm32cubeide/plugins/com.st.stm32cube.ide.mcu.externaltools.gnu-tools-for-stm32.10.3-2021.10.win32_1.0.200.202301161003/tools/bin/../lib/gcc/arm-none-eabi/10.3.1/../../../../arm-none-eabi/lib/thumb/v6-m/nofp\libc_nano.a(lib_a-init.o)
                0x0000000008020a10                __libc_init_array
 *(.glue_7)
 .glue_7        0x0000000008020a58        0x0 linker stubs
 *(.glue_7t)
 .glue_7t       0x0000000008020a58        0x0 linker stubs
 *(.eh_frame)
 .eh_frame      0x0000000008020a58        0x0 d:/programs/stm32cubeide_1.11.2/stm32cubeide/plugins/com.st.stm32cube.ide.mcu.externaltools.gnu-tools-for-stm32.10.3-2021.10.win32_1.0.200.202301161003/tools/bin/../lib/gcc/arm-none-eabi/10.3.1/thumb/v6-m/nofp/crtbegin.o
 *(.init)
 .init          0x0000000008020a58        0x4 d:/programs/stm32cubeide_1.11.2/stm32cubeide/plugins/com.st.stm32cube.ide.mcu.externaltools.gnu-tools-for-stm32.10.3-2021.10.win32_1.0.200.202301161003/tools/bin/../lib/gcc/arm-none-eabi/10.3.1/thumb/v6-m/nofp/crti.o
                0x0000000008020a58                _init
 .init          0x0000000008020a5c        0x8 d:/programs/stm32cubeide_1.11.2/stm32cubeide/plugins/com.st.stm32cube.ide.mcu.externaltools.gnu-tools-for-stm32.10.3-2021.10.win32_1.0.200.202301161003/tools/bin/../lib/gcc/arm-none-eabi/10.3.1/thumb/v6-m/nofp/crtn.o
 *(.fini)
 .fini          0x0000000008020a64        0x4 d:/programs/stm32cubeide_1.11.2/stm32cubeide/plugins/com.st.stm32cube.ide.mcu.externaltools.gnu-tools-for-stm32.10.3-2021.10.win32_1.0.200.202301161003/tools/bin/../lib/gcc/arm-none-eabi/10.3.1/thumb/v6-m/nofp/crti.o
                0x0000000008020a64                _fini
 .fini          0x0000000008020a68        0x8 d:/programs/stm32cubeide_1.11.2/stm32cubeide/plugins/com.st.stm32cube.ide.mcu.externaltools.gnu-tools-for-stm32.10.3-2021.10.win32_1.0.200.202301161003/tools/bin/../lib/gcc/arm-none-eabi/10.3.1/thumb/v6-m/nofp/crtn.o
                0x0000000008020a70                . = ALIGN (0x4)
                0x0000000008020a70                _etext = .

.vfp11_veneer   0x0000000008020a70        0x0
 .vfp11_veneer  0x0000000008020a70        0x0 linker stubs

.v4_bx          0x0000000008020a70        0x0
 .v4_bx         0x0000000008020a70        0x0 linker stubs

.iplt           0x0000000008020a70        0x0
 .iplt          0x0000000008020a70        0x0 d:/programs/stm32cubeide_1.11.2/stm32cubeide/plugins/com.st.stm32cube.ide.mcu.externaltools.gnu-tools-for-stm32.10.3-2021.10.win32_1.0.200.202301161003/tools/bin/../lib/gcc/arm-none-eabi/10.3.1/thumb/v6-m/nofp/crtbegin.o

.rodata         0x0000000008020a70       0x80
                0x0000000008020a70                . = ALIGN (0x4)
 *(.rodata)
 *(.rodata*)
 .rodata.AHBPrescTable
                0x0000000008020a70       0x40 ./Common/System/system_stm32wlxx.o
                0x0000000008020a70                AHBPrescTable
 .rodata.MSIRangeTable
                0x0000000008020ab0       0x40 ./Common/System/system_stm32wlxx.o
                0x0000000008020ab0                MSIRangeTable
                0x0000000008020af0                . = ALIGN (0x4)

.rel.dyn        0x0000000008020af0        0x0
 .rel.iplt      0x0000000008020af0        0x0 d:/programs/stm32cubeide_1.11.2/stm32cubeide/plugins/com.st.stm32cube.ide.mcu.externaltools.gnu-tools-for-stm32.10.3-2021.10.win32_1.0.200.202301161003/tools/bin/../lib/gcc/arm-none-eabi/10.3.1/thumb/v6-m/nofp/crtbegin.o

.ARM.extab      0x0000000008020af0        0x0
                0x0000000008020af0                . = ALIGN (0x4)
 *(.ARM.extab* .gnu.linkonce.armextab.*)
                0x0000000008020af0                . = ALIGN (0x4)

.ARM            0x0000000008020af0        0x0
                0x0000000008020af0                . = ALIGN (0x4)
                0x0000000008020af0                __exidx_start = .
 *(.ARM.exidx*)
                0x0000000008020af0                __exidx_end = .
                0x0000000008020af0                . = ALIGN (0x4)

.preinit_array  0x0000000008020af0        0x0
                0x0000000008020af0                . = ALIGN (0x4)
                0x0000000008020af0                PROVIDE (__preinit_array_start = .)
 *(.preinit_array*)
                0x0000000008020af0                PROVIDE (__preinit_array_end = .)
                0x0000000008020af0                . = ALIGN (0x4)

.init_array     0x0000000008020af0        0x4
                0x0000000008020af0                . = ALIGN (0x4)
                0x0000000008020af0                PROVIDE (__init_array_start = .)
 *(SORT_BY_NAME(.init_array.*))
 *(.init_array*)
 .init_array    0x0000000008020af0        0x4 d:/programs/stm32cubeide_1.11.2/stm32cubeide/plugins/com.st.stm32cube.ide.mcu.externaltools.gnu-tools-for-stm32.10.3-2021.10.win32_1.0.200.202301161003/tools/bin/../lib/gcc/arm-none-eabi/10.3.1/thumb/v6-m/nofp/crtbegin.o
                0x0000000008020af4                PROVIDE (__init_array_end = .)
                0x0000000008020af4                . = ALIGN (0x4)

.fini_array     0x0000000008020af4        0x4
                0x0000000008020af4                . = ALIGN (0x4)
                [!provide]                        PROVIDE (__fini_array_start = .)
 *(SORT_BY_NAME(.fini_array.*))
 *(.fini_array*)
 .fini_array    0x0000000008020af4        0x4 d:/programs/stm32cubeide_1.11.2/stm32cubeide/plugins/com.st.stm32cube.ide.mcu.externaltools.gnu-tools-for-stm32.10.3-2021.10.win32_1.0.200.202301161003/tools/bin/../lib/gcc/arm-none-eabi/10.3.1/thumb/v6-m/nofp/crtbegin.o
                [!provide]                        PROVIDE (__fini_array_end = .)
                0x0000000008020af8                . = ALIGN (0x4)
                0x0000000008020af8                _sidata = LOADADDR (.data)

.data           0x0000000020008000        0xc load address 0x0000000008020af8
                0x0000000020008000                . = ALIGN (0x4)
                0x0000000020008000                _sdata = .
 *(.data)
 *(.data*)
 .data.SystemCoreClock
                0x0000000020008000        0x4 ./Common/System/system_stm32wlxx.o
                0x0000000020008000                SystemCoreClock
 .data.uwTickPrio
                0x0000000020008004        0x4 ./Drivers/STM32WLxx_HAL_Driver/stm32wlxx_hal.o
                0x0000000020008004                uwTickPrio
 .data.uwTickFreq
                0x0000000020008008        0x1 ./Drivers/STM32WLxx_HAL_Driver/stm32wlxx_hal.o
                0x0000000020008008                uwTickFreq
 *(.RamFunc)
 *(.RamFunc*)
                0x000000002000800c                . = ALIGN (0x4)
 *fill*         0x0000000020008009        0x3 
                0x000000002000800c                _edata = .

.igot.plt       0x000000002000800c        0x0 load address 0x0000000008020b04
 .igot.plt      0x000000002000800c        0x0 d:/programs/stm32cubeide_1.11.2/stm32cubeide/plugins/com.st.stm32cube.ide.mcu.externaltools.gnu-tools-for-stm32.10.3-2021.10.win32_1.0.200.202301161003/tools/bin/../lib/gcc/arm-none-eabi/10.3.1/thumb/v6-m/nofp/crtbegin.o
                0x000000002000800c                . = ALIGN (0x4)

.bss            0x000000002000800c       0x2c load address 0x0000000008020b04
                0x000000002000800c                _sbss = .
                0x000000002000800c                __bss_start__ = _sbss
 *(.bss)
 .bss           0x000000002000800c       0x1c d:/programs/stm32cubeide_1.11.2/stm32cubeide/plugins/com.st.stm32cube.ide.mcu.externaltools.gnu-tools-for-stm32.10.3-2021.10.win32_1.0.200.202301161003/tools/bin/../lib/gcc/arm-none-eabi/10.3.1/thumb/v6-m/nofp/crtbegin.o
 *(.bss*)
 .bss.hsubghz   0x0000000020008028        0xc ./Core/Src/main.o
                0x0000000020008028                hsubghz
 .bss.uwTick    0x0000000020008034        0x4 ./Drivers/STM32WLxx_HAL_Driver/stm32wlxx_hal.o
                0x0000000020008034                uwTick
 *(COMMON)
                0x0000000020008038                . = ALIGN (0x4)
                0x0000000020008038                _ebss = .
                0x0000000020008038                __bss_end__ = _ebss

._user_heap_stack
                0x0000000020008038      0x600 load address 0x0000000008020b04
                0x0000000020008038                . = ALIGN (0x8)
                [!provide]                        PROVIDE (end = .)
                0x0000000020008038                PROVIDE (_end = .)
                0x0000000020008238                . = (. + _Min_Heap_Size)
 *fill*         0x0000000020008038      0x200 
                0x0000000020008638                . = (. + _Min_Stack_Size)
 *fill*         0x0000000020008238      0x400 
                0x0000000020008638                . = ALIGN (0x8)

/DISCARD/
 libc.a(*)
 libm.a(*)
 libgcc.a(*)

.ARM.attributes
                0x0000000000000000       0x28
 *(.ARM.attributes)
 .ARM.attributes
                0x0000000000000000       0x1e d:/programs/stm32cubeide_1.11.2/stm32cubeide/plugins/com.st.stm32cube.ide.mcu.externaltools.gnu-tools-for-stm32.10.3-2021.10.win32_1.0.200.202301161003/tools/bin/../lib/gcc/arm-none-eabi/10.3.1/thumb/v6-m/nofp/crti.o
 .ARM.attributes
                0x000000000000001e       0x2c d:/programs/stm32cubeide_1.11.2/stm32cubeide/plugins/com.st.stm32cube.ide.mcu.externaltools.gnu-tools-for-stm32.10.3-2021.10.win32_1.0.200.202301161003/tools/bin/../lib/gcc/arm-none-eabi/10.3.1/thumb/v6-m/nofp/crtbegin.o
 .ARM.attributes
                0x000000000000004a       0x2c ./Common/System/system_stm32wlxx.o
 .ARM.attributes
                0x0000000000000076       0x2c ./Core/Src/main.o
 .ARM.attributes
                0x00000000000000a2       0x2c ./Core/Src/stm32wlxx_hal_msp.o
 .ARM.attributes
                0x00000000000000ce       0x2c ./Core/Src/stm32wlxx_it.o
 .ARM.attributes
                0x00000000000000fa       0x22 ./Core/Startup/startup_stm32wl55ccux.o
 .ARM.attributes
                0x000000000000011c       0x2c ./Drivers/STM32WLxx_HAL_Driver/stm32wlxx_hal.o
 .ARM.attributes
                0x0000000000000148       0x2c ./Drivers/STM32WLxx_HAL_Driver/stm32wlxx_hal_cortex.o
 .ARM.attributes
                0x0000000000000174       0x2c ./Drivers/STM32WLxx_HAL_Driver/stm32wlxx_hal_rcc.o
 .ARM.attributes
                0x00000000000001a0       0x2c ./Drivers/STM32WLxx_HAL_Driver/stm32wlxx_hal_subghz.o
 .ARM.attributes
                0x00000000000001cc       0x2c d:/programs/stm32cubeide_1.11.2/stm32cubeide/plugins/com.st.stm32cube.ide.mcu.externaltools.gnu-tools-for-stm32.10.3-2021.10.win32_1.0.200.202301161003/tools/bin/../lib/gcc/arm-none-eabi/10.3.1/../../../../arm-none-eabi/lib/thumb/v6-m/nofp\libc_nano.a(lib_a-init.o)
 .ARM.attributes
                0x00000000000001f8       0x1e d:/programs/stm32cubeide_1.11.2/stm32cubeide/plugins/com.st.stm32cube.ide.mcu.externaltools.gnu-tools-for-stm32.10.3-2021.10.win32_1.0.200.202301161003/tools/bin/../lib/gcc/arm-none-eabi/10.3.1/thumb/v6-m/nofp\libgcc.a(_udivsi3.o)
 .ARM.attributes
                0x0000000000000216       0x1e d:/programs/stm32cubeide_1.11.2/stm32cubeide/plugins/com.st.stm32cube.ide.mcu.externaltools.gnu-tools-for-stm32.10.3-2021.10.win32_1.0.200.202301161003/tools/bin/../lib/gcc/arm-none-eabi/10.3.1/thumb/v6-m/nofp\libgcc.a(_dvmd_tls.o)
 .ARM.attributes
                0x0000000000000234       0x1e d:/programs/stm32cubeide_1.11.2/stm32cubeide/plugins/com.st.stm32cube.ide.mcu.externaltools.gnu-tools-for-stm32.10.3-2021.10.win32_1.0.200.202301161003/tools/bin/../lib/gcc/arm-none-eabi/10.3.1/thumb/v6-m/nofp/crtn.o
OUTPUT(HAB_Tracker_CM0PLUS.elf elf32-littlearm)
LOAD linker stubs
LOAD d:/programs/stm32cubeide_1.11.2/stm32cubeide/plugins/com.st.stm32cube.ide.mcu.externaltools.gnu-tools-for-stm32.10.3-2021.10.win32_1.0.200.202301161003/tools/bin/../lib/gcc/arm-none-eabi/10.3.1/../../../../arm-none-eabi/lib/thumb/v6-m/nofp\libc.a
LOAD d:/programs/stm32cubeide_1.11.2/stm32cubeide/plugins/com.st.stm32cube.ide.mcu.externaltools.gnu-tools-for-stm32.10.3-2021.10.win32_1.0.200.202301161003/tools/bin/../lib/gcc/arm-none-eabi/10.3.1/../../../../arm-none-eabi/lib/thumb/v6-m/nofp\libm.a
LOAD d:/programs/stm32cubeide_1.11.2/stm32cubeide/plugins/com.st.stm32cube.ide.mcu.externaltools.gnu-tools-for-stm32.10.3-2021.10.win32_1.0.200.202301161003/tools/bin/../lib/gcc/arm-none-eabi/10.3.1/thumb/v6-m/nofp\libgcc.a

.debug_info     0x0000000000000000     0x6f9e
 .debug_info    0x0000000000000000      0x566 ./Common/System/system_stm32wlxx.o
 .debug_info    0x0000000000000566     0x11f8 ./Core/Src/main.o
 .debug_info    0x000000000000175e     0x1565 ./Core/Src/stm32wlxx_hal_msp.o
 .debug_info    0x0000000000002cc3      0x11e ./Core/Src/stm32wlxx_it.o
 .debug_info    0x0000000000002de1       0x22 ./Core/Startup/startup_stm32wl55ccux.o
 .debug_info    0x0000000000002e03      0xf45 ./Drivers/STM32WLxx_HAL_Driver/stm32wlxx_hal.o
 .debug_info    0x0000000000003d48      0x91c ./Drivers/STM32WLxx_HAL_Driver/stm32wlxx_hal_cortex.o
 .debug_info    0x0000000000004664     0x14aa ./Drivers/STM32WLxx_HAL_Driver/stm32wlxx_hal_rcc.o
 .debug_info    0x0000000000005b0e     0x1490 ./Drivers/STM32WLxx_HAL_Driver/stm32wlxx_hal_subghz.o

.debug_abbrev   0x0000000000000000     0x11af
 .debug_abbrev  0x0000000000000000      0x138 ./Common/System/system_stm32wlxx.o
 .debug_abbrev  0x0000000000000138      0x23c ./Core/Src/main.o
 .debug_abbrev  0x0000000000000374      0x24a ./Core/Src/stm32wlxx_hal_msp.o
 .debug_abbrev  0x00000000000005be       0xad ./Core/Src/stm32wlxx_it.o
 .debug_abbrev  0x000000000000066b       0x12 ./Core/Startup/startup_stm32wl55ccux.o
 .debug_abbrev  0x000000000000067d      0x2fe ./Drivers/STM32WLxx_HAL_Driver/stm32wlxx_hal.o
 .debug_abbrev  0x000000000000097b      0x285 ./Drivers/STM32WLxx_HAL_Driver/stm32wlxx_hal_cortex.o
 .debug_abbrev  0x0000000000000c00      0x324 ./Drivers/STM32WLxx_HAL_Driver/stm32wlxx_hal_rcc.o
 .debug_abbrev  0x0000000000000f24      0x28b ./Drivers/STM32WLxx_HAL_Driver/stm32wlxx_hal_subghz.o

.debug_aranges  0x0000000000000000      0x7a8
 .debug_aranges
                0x0000000000000000       0x28 ./Common/System/system_stm32wlxx.o
 .debug_aranges
                0x0000000000000028       0x58 ./Core/Src/main.o
 .debug_aranges
                0x0000000000000080       0x90 ./Core/Src/stm32wlxx_hal_msp.o
 .debug_aranges
                0x0000000000000110       0x40 ./Core/Src/stm32wlxx_it.o
 .debug_aranges
                0x0000000000000150       0x28 ./Core/Startup/startup_stm32wl55ccux.o
 .debug_aranges
                0x0000000000000178      0x1c0 ./Drivers/STM32WLxx_HAL_Driver/stm32wlxx_hal.o
 .debug_aranges
                0x0000000000000338       0xd8 ./Drivers/STM32WLxx_HAL_Driver/stm32wlxx_hal_cortex.o
 .debug_aranges
                0x0000000000000410      0x230 ./Drivers/STM32WLxx_HAL_Driver/stm32wlxx_hal_rcc.o
 .debug_aranges
                0x0000000000000640      0x168 ./Drivers/STM32WLxx_HAL_Driver/stm32wlxx_hal_subghz.o

.debug_ranges   0x0000000000000000      0x720
 .debug_ranges  0x0000000000000000       0x18 ./Common/System/system_stm32wlxx.o
 .debug_ranges  0x0000000000000018       0x48 ./Core/Src/main.o
 .debug_ranges  0x0000000000000060       0x80 ./Core/Src/stm32wlxx_hal_msp.o
 .debug_ranges  0x00000000000000e0       0x30 ./Core/Src/stm32wlxx_it.o
 .debug_ranges  0x0000000000000110       0x20 ./Core/Startup/startup_stm32wl55ccux.o
 .debug_ranges  0x0000000000000130      0x1b0 ./Drivers/STM32WLxx_HAL_Driver/stm32wlxx_hal.o
 .debug_ranges  0x00000000000002e0       0xc8 ./Drivers/STM32WLxx_HAL_Driver/stm32wlxx_hal_cortex.o
 .debug_ranges  0x00000000000003a8      0x220 ./Drivers/STM32WLxx_HAL_Driver/stm32wlxx_hal_rcc.o
 .debug_ranges  0x00000000000005c8      0x158 ./Drivers/STM32WLxx_HAL_Driver/stm32wlxx_hal_subghz.o

.debug_macro    0x0000000000000000    0x1a8c3
 .debug_macro   0x0000000000000000      0x244 ./Common/System/system_stm32wlxx.o
 .debug_macro   0x0000000000000244      0xa54 ./Common/System/system_stm32wlxx.o
 .debug_macro   0x0000000000000c98       0x2e ./Common/System/system_stm32wlxx.o
 .debug_macro   0x0000000000000cc6       0x3a ./Common/System/system_stm32wlxx.o
 .debug_macro   0x0000000000000d00       0x22 ./Common/System/system_stm32wlxx.o
 .debug_macro   0x0000000000000d22       0x8e ./Common/System/system_stm32wlxx.o
 .debug_macro   0x0000000000000db0       0x51 ./Common/System/system_stm32wlxx.o
 .debug_macro   0x0000000000000e01      0x103 ./Common/System/system_stm32wlxx.o
 .debug_macro   0x0000000000000f04       0x6a ./Common/System/system_stm32wlxx.o
 .debug_macro   0x0000000000000f6e      0x1df ./Common/System/system_stm32wlxx.o
 .debug_macro   0x000000000000114d       0x1c ./Common/System/system_stm32wlxx.o
 .debug_macro   0x0000000000001169       0x22 ./Common/System/system_stm32wlxx.o
 .debug_macro   0x000000000000118b       0xd1 ./Common/System/system_stm32wlxx.o
 .debug_macro   0x000000000000125c      0x4da ./Common/System/system_stm32wlxx.o
 .debug_macro   0x0000000000001736      0x11f ./Common/System/system_stm32wlxx.o
 .debug_macro   0x0000000000001855     0xf09d ./Common/System/system_stm32wlxx.o
 .debug_macro   0x00000000000108f2       0x66 ./Common/System/system_stm32wlxx.o
 .debug_macro   0x0000000000010958      0x130 ./Common/System/system_stm32wlxx.o
 .debug_macro   0x0000000000010a88     0x341d ./Common/System/system_stm32wlxx.o
 .debug_macro   0x0000000000013ea5      0x174 ./Common/System/system_stm32wlxx.o
 .debug_macro   0x0000000000014019       0x5c ./Common/System/system_stm32wlxx.o
 .debug_macro   0x0000000000014075      0x416 ./Common/System/system_stm32wlxx.o
 .debug_macro   0x000000000001448b      0x2b8 ./Common/System/system_stm32wlxx.o
 .debug_macro   0x0000000000014743      0x384 ./Common/System/system_stm32wlxx.o
 .debug_macro   0x0000000000014ac7      0x196 ./Common/System/system_stm32wlxx.o
 .debug_macro   0x0000000000014c5d       0x4a ./Common/System/system_stm32wlxx.o
 .debug_macro   0x0000000000014ca7      0x1f5 ./Common/System/system_stm32wlxx.o
 .debug_macro   0x0000000000014e9c      0x229 ./Common/System/system_stm32wlxx.o
 .debug_macro   0x00000000000150c5      0x3e5 ./Common/System/system_stm32wlxx.o
 .debug_macro   0x00000000000154aa       0x2e ./Common/System/system_stm32wlxx.o
 .debug_macro   0x00000000000154d8      0x107 ./Common/System/system_stm32wlxx.o
 .debug_macro   0x00000000000155df      0x1ba ./Common/System/system_stm32wlxx.o
 .debug_macro   0x0000000000015799       0xe6 ./Common/System/system_stm32wlxx.o
 .debug_macro   0x000000000001587f      0x22c ./Common/System/system_stm32wlxx.o
 .debug_macro   0x0000000000015aab       0x55 ./Common/System/system_stm32wlxx.o
 .debug_macro   0x0000000000015b00       0xa5 ./Common/System/system_stm32wlxx.o
 .debug_macro   0x0000000000015ba5      0x283 ./Common/System/system_stm32wlxx.o
 .debug_macro   0x0000000000015e28      0x133 ./Common/System/system_stm32wlxx.o
 .debug_macro   0x0000000000015f5b      0x36f ./Common/System/system_stm32wlxx.o
 .debug_macro   0x00000000000162ca      0x683 ./Common/System/system_stm32wlxx.o
 .debug_macro   0x000000000001694d      0x20e ./Common/System/system_stm32wlxx.o
 .debug_macro   0x0000000000016b5b      0xfb4 ./Common/System/system_stm32wlxx.o
 .debug_macro   0x0000000000017b0f      0x136 ./Common/System/system_stm32wlxx.o
 .debug_macro   0x0000000000017c45      0x2db ./Common/System/system_stm32wlxx.o
 .debug_macro   0x0000000000017f20      0x2fe ./Common/System/system_stm32wlxx.o
 .debug_macro   0x000000000001821e      0x288 ./Common/System/system_stm32wlxx.o
 .debug_macro   0x00000000000184a6       0xd6 ./Common/System/system_stm32wlxx.o
 .debug_macro   0x000000000001857c      0xac2 ./Common/System/system_stm32wlxx.o
 .debug_macro   0x000000000001903e       0xfa ./Common/System/system_stm32wlxx.o
 .debug_macro   0x0000000000019138      0x3a4 ./Common/System/system_stm32wlxx.o
 .debug_macro   0x00000000000194dc      0x32d ./Common/System/system_stm32wlxx.o
 .debug_macro   0x0000000000019809      0x24e ./Core/Src/main.o
 .debug_macro   0x0000000000019a57      0x24e ./Core/Src/stm32wlxx_hal_msp.o
 .debug_macro   0x0000000000019ca5      0x258 ./Core/Src/stm32wlxx_it.o
 .debug_macro   0x0000000000019efd      0x268 ./Drivers/STM32WLxx_HAL_Driver/stm32wlxx_hal.o
 .debug_macro   0x000000000001a165      0x244 ./Drivers/STM32WLxx_HAL_Driver/stm32wlxx_hal_cortex.o
 .debug_macro   0x000000000001a3a9      0x2a4 ./Drivers/STM32WLxx_HAL_Driver/stm32wlxx_hal_rcc.o
 .debug_macro   0x000000000001a64d      0x276 ./Drivers/STM32WLxx_HAL_Driver/stm32wlxx_hal_subghz.o

.debug_line     0x0000000000000000     0x67e2
 .debug_line    0x0000000000000000      0x894 ./Common/System/system_stm32wlxx.o
 .debug_line    0x0000000000000894      0x9b8 ./Core/Src/main.o
 .debug_line    0x000000000000124c      0x9d9 ./Core/Src/stm32wlxx_hal_msp.o
 .debug_line    0x0000000000001c25      0x84a ./Core/Src/stm32wlxx_it.o
 .debug_line    0x000000000000246f       0x89 ./Core/Startup/startup_stm32wl55ccux.o
 .debug_line    0x00000000000024f8      0xe04 ./Drivers/STM32WLxx_HAL_Driver/stm32wlxx_hal.o
 .debug_line    0x00000000000032fc      0xc28 ./Drivers/STM32WLxx_HAL_Driver/stm32wlxx_hal_cortex.o
 .debug_line    0x0000000000003f24     0x17c1 ./Drivers/STM32WLxx_HAL_Driver/stm32wlxx_hal_rcc.o
 .debug_line    0x00000000000056e5     0x10fd ./Drivers/STM32WLxx_HAL_Driver/stm32wlxx_hal_subghz.o

.debug_str      0x0000000000000000    0xadfee
 .debug_str     0x0000000000000000    0xaac28 ./Common/System/system_stm32wlxx.o
                                      0xab4db (size before relaxing)
 .debug_str     0x00000000000aac28      0xd3a ./Core/Src/main.o
                                      0xac064 (size before relaxing)
 .debug_str     0x00000000000ab962      0x2ef ./Core/Src/stm32wlxx_hal_msp.o
                                      0xac2cd (size before relaxing)
 .debug_str     0x00000000000abc51       0x82 ./Core/Src/stm32wlxx_it.o
                                      0xab286 (size before relaxing)
 .debug_str     0x00000000000abcd3       0x36 ./Core/Startup/startup_stm32wl55ccux.o
                                         0x60 (size before relaxing)
 .debug_str     0x00000000000abd09      0x9c9 ./Drivers/STM32WLxx_HAL_Driver/stm32wlxx_hal.o
                                      0xabeb4 (size before relaxing)
 .debug_str     0x00000000000ac6d2      0x295 ./Drivers/STM32WLxx_HAL_Driver/stm32wlxx_hal_cortex.o
                                      0xab815 (size before relaxing)
 .debug_str     0x00000000000ac967      0xd5a ./Drivers/STM32WLxx_HAL_Driver/stm32wlxx_hal_rcc.o
                                      0xac2a2 (size before relaxing)
 .debug_str     0x00000000000ad6c1      0x92d ./Drivers/STM32WLxx_HAL_Driver/stm32wlxx_hal_subghz.o
                                      0xabfdb (size before relaxing)

.comment        0x0000000000000000       0x50
 .comment       0x0000000000000000       0x50 ./Common/System/system_stm32wlxx.o
                                         0x51 (size before relaxing)
 .comment       0x0000000000000050       0x51 ./Core/Src/main.o
 .comment       0x0000000000000050       0x51 ./Core/Src/stm32wlxx_hal_msp.o
 .comment       0x0000000000000050       0x51 ./Core/Src/stm32wlxx_it.o
 .comment       0x0000000000000050       0x51 ./Drivers/STM32WLxx_HAL_Driver/stm32wlxx_hal.o
 .comment       0x0000000000000050       0x51 ./Drivers/STM32WLxx_HAL_Driver/stm32wlxx_hal_cortex.o
 .comment       0x0000000000000050       0x51 ./Drivers/STM32WLxx_HAL_Driver/stm32wlxx_hal_rcc.o
 .comment       0x0000000000000050       0x51 ./Drivers/STM32WLxx_HAL_Driver/stm32wlxx_hal_subghz.o

.debug_frame    0x0000000000000000     0x1a64
 .debug_frame   0x0000000000000000       0x4c ./Common/System/system_stm32wlxx.o
 .debug_frame   0x000000000000004c       0xf8 ./Core/Src/main.o
 .debug_frame   0x0000000000000144      0x1ec ./Core/Src/stm32wlxx_hal_msp.o
 .debug_frame   0x0000000000000330       0x9c ./Core/Src/stm32wlxx_it.o
 .debug_frame   0x00000000000003cc      0x658 ./Drivers/STM32WLxx_HAL_Driver/stm32wlxx_hal.o
 .debug_frame   0x0000000000000a24      0x2fc ./Drivers/STM32WLxx_HAL_Driver/stm32wlxx_hal_cortex.o
 .debug_frame   0x0000000000000d20      0x7cc ./Drivers/STM32WLxx_HAL_Driver/stm32wlxx_hal_rcc.o
 .debug_frame   0x00000000000014ec      0x52c ./Drivers/STM32WLxx_HAL_Driver/stm32wlxx_hal_subghz.o
 .debug_frame   0x0000000000001a18       0x2c d:/programs/stm32cubeide_1.11.2/stm32cubeide/plugins/com.st.stm32cube.ide.mcu.externaltools.gnu-tools-for-stm32.10.3-2021.10.win32_1.0.200.202301161003/tools/bin/../lib/gcc/arm-none-eabi/10.3.1/../../../../arm-none-eabi/lib/thumb/v6-m/nofp\libc_nano.a(lib_a-init.o)
 .debug_frame   0x0000000000001a44       0x20 d:/programs/stm32cubeide_1.11.2/stm32cubeide/plugins/com.st.stm32cube.ide.mcu.externaltools.gnu-tools-for-stm32.10.3-2021.10.win32_1.0.200.202301161003/tools/bin/../lib/gcc/arm-none-eabi/10.3.1/thumb/v6-m/nofp\libgcc.a(_udivsi3.o)
