../Custom/fatfs/sd_spi.c:58:6:generate_crc_table	24	static
../Custom/fatfs/sd_spi.c:73:9:crc_add	16	static
../Custom/fatfs/sd_spi.c:78:9:get_crc	24	static
../Custom/fatfs/sd_spi.c:90:9:get_cmd_crc	24	static
../Custom/fatfs/sd_spi.c:110:6:sd_spi_init	16	static
../Custom/fatfs/sd_spi.c:117:13:xchg_spi	24	static
../Custom/fatfs/sd_spi.c:125:13:rcvr_spi_multi	16	static
../Custom/fatfs/sd_spi.c:138:13:xmit_spi_multi	16	static
../Custom/fatfs/sd_spi.c:158:12:wait_ready	48	static
../Custom/fatfs/sd_spi.c:178:13:deselect	8	static
../Custom/fatfs/sd_spi.c:187:12:select	8	static
../Custom/fatfs/sd_spi.c:201:12:rcvr_datablock	48	static
../Custom/fatfs/sd_spi.c:230:12:xmit_datablock	24	static
../Custom/fatfs/sd_spi.c:257:13:send_cmd	24	static
../Custom/fatfs/sd_spi.c:308:9:disk_initialize	40	static
../Custom/fatfs/sd_spi.c:372:9:disk_status	16	static
../Custom/fatfs/sd_spi.c:383:9:disk_read	32	static
../Custom/fatfs/sd_spi.c:421:9:disk_write	32	static
../Custom/fatfs/sd_spi.c:461:9:disk_ioctl	64	static
