../../Drivers/STM32WLxx_HAL_Driver/Inc/stm32wlxx_ll_bus.h:914:22:LL_APB1_GRP1_EnableClock	24	static
../../Drivers/STM32WLxx_HAL_Driver/Inc/stm32wlxx_ll_bus.h:1303:22:LL_APB2_GRP1_EnableClock	24	static
D:/github_repos/HAB_Tracker/Common/hab_timer.c:8:6:init_timers	120	static
D:/github_repos/HAB_Tracker/Common/hab_timer.c:54:10:MICROS	40	static
D:/github_repos/HAB_Tracker/Common/hab_timer.c:60:10:MILLIS	8	static
D:/github_repos/HAB_Tracker/Common/hab_timer.c:64:6:DELAY	40	static
D:/github_repos/HAB_Tracker/Common/hab_timer.c:69:6:DELAY_MICROS	40	static
