../../Drivers/STM32WLxx_HAL_Driver/Inc/stm32wlxx_ll_bus.h:2014:22:LL_C2_APB1_GRP1_EnableClock	24	static
../../Drivers/STM32WLxx_HAL_Driver/Inc/stm32wlxx_ll_bus.h:2291:22:LL_C2_APB2_GRP1_EnableClock	24	static
D:/github_repos/HAB_Tracker/Common/hab_timer.c:8:6:init_timers	120	static
D:/github_repos/HAB_Tracker/Common/hab_timer.c:54:10:MICROS	24	static
D:/github_repos/HAB_Tracker/Common/hab_timer.c:60:10:MILLIS	8	static
D:/github_repos/HAB_Tracker/Common/hab_timer.c:64:6:DELAY	32	static
D:/github_repos/HAB_Tracker/Common/hab_timer.c:69:6:DELAY_MICROS	32	static
