../Drivers/STM32WLxx_HAL_Driver/Src/stm32wlxx_hal_dac.c:333:19:HAL_DAC_Init	16	static
../Drivers/STM32WLxx_HAL_Driver/Src/stm32wlxx_hal_dac.c:388:19:HAL_DAC_DeInit	16	static
../Drivers/STM32WLxx_HAL_Driver/Src/stm32wlxx_hal_dac.c:433:13:HAL_DAC_MspInit	16	static
../Drivers/STM32WLxx_HAL_Driver/Src/stm32wlxx_hal_dac.c:449:13:HAL_DAC_MspDeInit	16	static
../Drivers/STM32WLxx_HAL_Driver/Src/stm32wlxx_hal_dac.c:490:19:HAL_DAC_Start	16	static
../Drivers/STM32WLxx_HAL_Driver/Src/stm32wlxx_hal_dac.c:530:19:HAL_DAC_Stop	16	static
../Drivers/STM32WLxx_HAL_Driver/Src/stm32wlxx_hal_dac.c:561:19:HAL_DAC_Start_DMA	32	static
../Drivers/STM32WLxx_HAL_Driver/Src/stm32wlxx_hal_dac.c:641:19:HAL_DAC_Stop_DMA	16	static
../Drivers/STM32WLxx_HAL_Driver/Src/stm32wlxx_hal_dac.c:675:6:HAL_DAC_IRQHandler	24	static
../Drivers/STM32WLxx_HAL_Driver/Src/stm32wlxx_hal_dac.c:722:19:HAL_DAC_SetValue	32	static
../Drivers/STM32WLxx_HAL_Driver/Src/stm32wlxx_hal_dac.c:750:13:HAL_DAC_ConvCpltCallbackCh1	16	static
../Drivers/STM32WLxx_HAL_Driver/Src/stm32wlxx_hal_dac.c:766:13:HAL_DAC_ConvHalfCpltCallbackCh1	16	static
../Drivers/STM32WLxx_HAL_Driver/Src/stm32wlxx_hal_dac.c:782:13:HAL_DAC_ErrorCallbackCh1	16	static
../Drivers/STM32WLxx_HAL_Driver/Src/stm32wlxx_hal_dac.c:798:13:HAL_DAC_DMAUnderrunCallbackCh1	16	static
../Drivers/STM32WLxx_HAL_Driver/Src/stm32wlxx_hal_dac.c:836:10:HAL_DAC_GetValue	24	static
../Drivers/STM32WLxx_HAL_Driver/Src/stm32wlxx_hal_dac.c:859:19:HAL_DAC_ConfigChannel	40	static
../Drivers/STM32WLxx_HAL_Driver/Src/stm32wlxx_hal_dac.c:1007:22:HAL_DAC_GetState	16	static
../Drivers/STM32WLxx_HAL_Driver/Src/stm32wlxx_hal_dac.c:1020:10:HAL_DAC_GetError	16	static
../Drivers/STM32WLxx_HAL_Driver/Src/stm32wlxx_hal_dac.c:1238:6:DAC_DMAConvCpltCh1	24	static
../Drivers/STM32WLxx_HAL_Driver/Src/stm32wlxx_hal_dac.c:1257:6:DAC_DMAHalfConvCpltCh1	24	static
../Drivers/STM32WLxx_HAL_Driver/Src/stm32wlxx_hal_dac.c:1274:6:DAC_DMAErrorCh1	24	static
