../LoRaWAN/App/lora_app.c:163:6:LoRaWAN_Init	8	static
../LoRaWAN/App/lora_app.c:190:13:OnRxData	16	static
../LoRaWAN/App/lora_app.c:200:13:OnTxData	16	static
../LoRaWAN/App/lora_app.c:206:13:OnJoinRequest	16	static
../LoRaWAN/App/lora_app.c:212:13:OnBeaconStatusChange	16	static
../LoRaWAN/App/lora_app.c:218:13:OnSysTimeUpdate	4	static
../LoRaWAN/App/lora_app.c:225:13:OnClassChange	16	static
../LoRaWAN/App/lora_app.c:231:13:OnMacProcessNotify	4	static
../LoRaWAN/App/lora_app.c:238:13:OnTxPeriodicityChanged	16	static
../LoRaWAN/App/lora_app.c:245:13:OnTxFrameCtrlChanged	16	static
../LoRaWAN/App/lora_app.c:252:13:OnPingSlotPeriodicityChanged	16	static
../LoRaWAN/App/lora_app.c:259:13:OnSystemReset	4	static
