../Custom/lib/aprs/APRS.c:53:6:APRS_init	8	static
../Custom/lib/aprs/APRS.c:57:6:APRS_print	24	static
../Custom/lib/aprs/APRS.c:61:6:APRS_encode	56	static
../Custom/lib/aprs/APRS.c:107:6:APRS_send	16	static
../Custom/lib/aprs/APRS.c:112:6:APRS_update_fcs	16	static
../Custom/lib/aprs/APRS.c:116:6:APRS_encode_insert_byte	24	static
../Custom/lib/aprs/APRS.c:123:6:APRS_encode_stuff_byte	32	static
../Custom/lib/aprs/APRS.c:142:6:APRS_encode_stuff_byte_update_fcs	24	static
../Custom/lib/aprs/APRS.c:147:6:APRS_encode_insert_callsign	40	static
