../Drivers/STM32WLxx_HAL_Driver/Inc/stm32wlxx_ll_bus.h:287:22:LL_AHB1_GRP1_EnableClock	24	static
../Drivers/STM32WLxx_HAL_Driver/Inc/stm32wlxx_ll_bus.h:449:22:LL_AHB2_GRP1_EnableClock	24	static
../Core/Src/main.c:87:5:main	8	static
../Core/Src/main.c:143:6:SystemClock_Config	112	static
../Core/Src/main.c:193:6:MX_DAC_Init	48	static
../Core/Src/main.c:236:6:MX_I2C1_Init	8	static
../Core/Src/main.c:284:6:MX_I2C2_Init	8	static
../Core/Src/main.c:332:6:MX_LPTIM1_Init	8	static
../Core/Src/main.c:366:6:MX_LPTIM2_Init	8	static
../Core/Src/main.c:400:6:MX_SPI1_Init	8	static
../Core/Src/main.c:440:6:MX_SUBGHZ_Init	8	static
../Core/Src/main.c:466:6:MX_TIM1_Init	40	static
../Core/Src/main.c:513:6:MX_TIM2_Init	40	static
../Core/Src/main.c:559:6:MX_USART1_UART_Init	8	static
../Core/Src/main.c:607:6:MX_USART2_UART_Init	8	static
../Core/Src/main.c:653:6:MX_DMA_Init	8	static
../Core/Src/main.c:679:13:MX_GPIO_Init	8	static
../Core/Src/main.c:699:1:__io_putchar	16	static
../Core/Src/main.c:708:6:HAL_UART_TxCpltCallback	16	static
../Core/Src/main.c:716:6:HAL_UART_RxCpltCallback	16	static
../Core/Src/main.c:730:6:Error_Handler	8	static,ignoring_inline_asm
