../Drivers/STM32WLxx_HAL_Driver/Inc/stm32wlxx_ll_bus.h:449:22:LL_AHB2_GRP1_EnableClock	24	static
../Core/Src/main.c:82:5:main	8	static
../Core/Src/main.c:133:6:SystemClock_Config	112	static
../Core/Src/main.c:183:13:MX_DAC_Init	48	static
../Core/Src/main.c:226:13:MX_I2C1_Init	8	static
../Core/Src/main.c:274:13:MX_I2C2_Init	8	static
../Core/Src/main.c:322:13:MX_SPI1_Init	8	static
../Core/Src/main.c:362:6:MX_SUBGHZ_Init	8	static
../Core/Src/main.c:388:13:MX_TIM1_Init	40	static
../Core/Src/main.c:435:13:MX_TIM2_Init	40	static
../Core/Src/main.c:481:13:MX_GPIO_Init	8	static
../Core/Src/main.c:503:6:Error_Handler	4	static,ignoring_inline_asm
