Archive member included to satisfy reference by file (symbol)

d:/programs/stm32cubeide_1.11.2/stm32cubeide/plugins/com.st.stm32cube.ide.mcu.externaltools.gnu-tools-for-stm32.10.3-2021.10.win32_1.0.200.202301161003/tools/bin/../lib/gcc/arm-none-eabi/10.3.1/../../../../arm-none-eabi/lib/thumb/v7e-m/nofp\libc_nano.a(lib_a-errno.o)
                              ./Core/Src/syscalls.o (__errno)
d:/programs/stm32cubeide_1.11.2/stm32cubeide/plugins/com.st.stm32cube.ide.mcu.externaltools.gnu-tools-for-stm32.10.3-2021.10.win32_1.0.200.202301161003/tools/bin/../lib/gcc/arm-none-eabi/10.3.1/../../../../arm-none-eabi/lib/thumb/v7e-m/nofp\libc_nano.a(lib_a-exit.o)
                              d:/programs/stm32cubeide_1.11.2/stm32cubeide/plugins/com.st.stm32cube.ide.mcu.externaltools.gnu-tools-for-stm32.10.3-2021.10.win32_1.0.200.202301161003/tools/bin/../lib/gcc/arm-none-eabi/10.3.1/../../../../arm-none-eabi/lib/thumb/v7e-m/nofp/crt0.o (exit)
d:/programs/stm32cubeide_1.11.2/stm32cubeide/plugins/com.st.stm32cube.ide.mcu.externaltools.gnu-tools-for-stm32.10.3-2021.10.win32_1.0.200.202301161003/tools/bin/../lib/gcc/arm-none-eabi/10.3.1/../../../../arm-none-eabi/lib/thumb/v7e-m/nofp\libc_nano.a(lib_a-impure.o)
                              d:/programs/stm32cubeide_1.11.2/stm32cubeide/plugins/com.st.stm32cube.ide.mcu.externaltools.gnu-tools-for-stm32.10.3-2021.10.win32_1.0.200.202301161003/tools/bin/../lib/gcc/arm-none-eabi/10.3.1/../../../../arm-none-eabi/lib/thumb/v7e-m/nofp\libc_nano.a(lib_a-exit.o) (_global_impure_ptr)
d:/programs/stm32cubeide_1.11.2/stm32cubeide/plugins/com.st.stm32cube.ide.mcu.externaltools.gnu-tools-for-stm32.10.3-2021.10.win32_1.0.200.202301161003/tools/bin/../lib/gcc/arm-none-eabi/10.3.1/../../../../arm-none-eabi/lib/thumb/v7e-m/nofp\libc_nano.a(lib_a-init.o)
                              d:/programs/stm32cubeide_1.11.2/stm32cubeide/plugins/com.st.stm32cube.ide.mcu.externaltools.gnu-tools-for-stm32.10.3-2021.10.win32_1.0.200.202301161003/tools/bin/../lib/gcc/arm-none-eabi/10.3.1/../../../../arm-none-eabi/lib/thumb/v7e-m/nofp/crt0.o (__libc_init_array)
d:/programs/stm32cubeide_1.11.2/stm32cubeide/plugins/com.st.stm32cube.ide.mcu.externaltools.gnu-tools-for-stm32.10.3-2021.10.win32_1.0.200.202301161003/tools/bin/../lib/gcc/arm-none-eabi/10.3.1/../../../../arm-none-eabi/lib/thumb/v7e-m/nofp\libc_nano.a(lib_a-memcpy-stub.o)
                              ./Common/lib/gps/max_m10s.o (memcpy)
d:/programs/stm32cubeide_1.11.2/stm32cubeide/plugins/com.st.stm32cube.ide.mcu.externaltools.gnu-tools-for-stm32.10.3-2021.10.win32_1.0.200.202301161003/tools/bin/../lib/gcc/arm-none-eabi/10.3.1/../../../../arm-none-eabi/lib/thumb/v7e-m/nofp\libc_nano.a(lib_a-memset.o)
                              d:/programs/stm32cubeide_1.11.2/stm32cubeide/plugins/com.st.stm32cube.ide.mcu.externaltools.gnu-tools-for-stm32.10.3-2021.10.win32_1.0.200.202301161003/tools/bin/../lib/gcc/arm-none-eabi/10.3.1/../../../../arm-none-eabi/lib/thumb/v7e-m/nofp/crt0.o (memset)
d:/programs/stm32cubeide_1.11.2/stm32cubeide/plugins/com.st.stm32cube.ide.mcu.externaltools.gnu-tools-for-stm32.10.3-2021.10.win32_1.0.200.202301161003/tools/bin/../lib/gcc/arm-none-eabi/10.3.1/../../../../arm-none-eabi/lib/thumb/v7e-m/nofp\libc_nano.a(lib_a-puts.o)
                              ./Common/lib/gps/max_m10s.o (puts)
d:/programs/stm32cubeide_1.11.2/stm32cubeide/plugins/com.st.stm32cube.ide.mcu.externaltools.gnu-tools-for-stm32.10.3-2021.10.win32_1.0.200.202301161003/tools/bin/../lib/gcc/arm-none-eabi/10.3.1/../../../../arm-none-eabi/lib/thumb/v7e-m/nofp\libc_nano.a(lib_a-wbuf.o)
                              d:/programs/stm32cubeide_1.11.2/stm32cubeide/plugins/com.st.stm32cube.ide.mcu.externaltools.gnu-tools-for-stm32.10.3-2021.10.win32_1.0.200.202301161003/tools/bin/../lib/gcc/arm-none-eabi/10.3.1/../../../../arm-none-eabi/lib/thumb/v7e-m/nofp\libc_nano.a(lib_a-puts.o) (__swbuf_r)
d:/programs/stm32cubeide_1.11.2/stm32cubeide/plugins/com.st.stm32cube.ide.mcu.externaltools.gnu-tools-for-stm32.10.3-2021.10.win32_1.0.200.202301161003/tools/bin/../lib/gcc/arm-none-eabi/10.3.1/../../../../arm-none-eabi/lib/thumb/v7e-m/nofp\libc_nano.a(lib_a-wsetup.o)
                              d:/programs/stm32cubeide_1.11.2/stm32cubeide/plugins/com.st.stm32cube.ide.mcu.externaltools.gnu-tools-for-stm32.10.3-2021.10.win32_1.0.200.202301161003/tools/bin/../lib/gcc/arm-none-eabi/10.3.1/../../../../arm-none-eabi/lib/thumb/v7e-m/nofp\libc_nano.a(lib_a-puts.o) (__swsetup_r)
d:/programs/stm32cubeide_1.11.2/stm32cubeide/plugins/com.st.stm32cube.ide.mcu.externaltools.gnu-tools-for-stm32.10.3-2021.10.win32_1.0.200.202301161003/tools/bin/../lib/gcc/arm-none-eabi/10.3.1/../../../../arm-none-eabi/lib/thumb/v7e-m/nofp\libc_nano.a(lib_a-fflush.o)
[...]
Memory Configuration

Name             Origin             Length             Attributes
RAM              0x0000000020000000 0x0000000000008000 xrw
FLASH            0x0000000008000000 0x0000000000020000 xr
*default*        0x0000000000000000 0xffffffffffffffff

Linker script and memory map

LOAD d:/programs/stm32cubeide_1.11.2/stm32cubeide/plugins/com.st.stm32cube.ide.mcu.externaltools.gnu-tools-for-stm32.10.3-2021.10.win32_1.0.200.202301161003/tools/bin/../lib/gcc/arm-none-eabi/10.3.1/thumb/v7e-m/nofp/crti.o
LOAD d:/programs/stm32cubeide_1.11.2/stm32cubeide/plugins/com.st.stm32cube.ide.mcu.externaltools.gnu-tools-for-stm32.10.3-2021.10.win32_1.0.200.202301161003/tools/bin/../lib/gcc/arm-none-eabi/10.3.1/thumb/v7e-m/nofp/crtbegin.o
LOAD d:/programs/stm32cubeide_1.11.2/stm32cubeide/plugins/com.st.stm32cube.ide.mcu.externaltools.gnu-tools-for-stm32.10.3-2021.10.win32_1.0.200.202301161003/tools/bin/../lib/gcc/arm-none-eabi/10.3.1/../../../../arm-none-eabi/lib/thumb/v7e-m/nofp/crt0.o
LOAD ./Common/System/system_stm32wlxx.o
LOAD ./Common/gpio.o
LOAD ./Common/hab_timer.o
LOAD ./Common/i2c.o
LOAD ./Common/spi.o
LOAD ./Common/lib/gps/max_m10s.o
LOAD ./Common/lib/radio/hx1/hx1.o
LOAD ./Common/lib/radio/lora/lora.o
LOAD ./Common/lib/sensors/iis2mdc/iis2mdc.o
LOAD ./Common/lib/sensors/lsm6dsox/lsm6dsox.o
LOAD ./Common/lib/sensors/ms5637/ms5637.o
LOAD ./Common/lib/sensors/ms5637/ms5637_model.o
LOAD ./Core/Src/main.o
LOAD ./Core/Src/stm32wlxx_hal_msp.o
LOAD ./Core/Src/stm32wlxx_it.o
LOAD ./Core/Src/syscalls.o
LOAD ./Core/Src/sysmem.o
LOAD ./Core/Startup/startup_stm32wl55ccux.o
LOAD ./Drivers/STM32WLxx_HAL_Driver/stm32wlxx_hal.o
LOAD ./Drivers/STM32WLxx_HAL_Driver/stm32wlxx_hal_cortex.o
LOAD ./Drivers/STM32WLxx_HAL_Driver/stm32wlxx_hal_dma.o
LOAD ./Drivers/STM32WLxx_HAL_Driver/stm32wlxx_hal_dma_ex.o
LOAD ./Drivers/STM32WLxx_HAL_Driver/stm32wlxx_hal_exti.o
LOAD ./Drivers/STM32WLxx_HAL_Driver/stm32wlxx_hal_flash.o
LOAD ./Drivers/STM32WLxx_HAL_Driver/stm32wlxx_hal_flash_ex.o
LOAD ./Drivers/STM32WLxx_HAL_Driver/stm32wlxx_hal_gpio.o
LOAD ./Drivers/STM32WLxx_HAL_Driver/stm32wlxx_hal_i2c.o
LOAD ./Drivers/STM32WLxx_HAL_Driver/stm32wlxx_hal_i2c_ex.o
LOAD ./Drivers/STM32WLxx_HAL_Driver/stm32wlxx_hal_pwr.o
LOAD ./Drivers/STM32WLxx_HAL_Driver/stm32wlxx_hal_pwr_ex.o
LOAD ./Drivers/STM32WLxx_HAL_Driver/stm32wlxx_hal_rcc.o
LOAD ./Drivers/STM32WLxx_HAL_Driver/stm32wlxx_hal_rcc_ex.o
LOAD ./Drivers/STM32WLxx_HAL_Driver/stm32wlxx_hal_spi.o
LOAD ./Drivers/STM32WLxx_HAL_Driver/stm32wlxx_hal_spi_ex.o
LOAD ./Drivers/STM32WLxx_HAL_Driver/stm32wlxx_hal_tim.o
LOAD ./Drivers/STM32WLxx_HAL_Driver/stm32wlxx_hal_tim_ex.o
START GROUP
LOAD d:/programs/stm32cubeide_1.11.2/stm32cubeide/plugins/com.st.stm32cube.ide.mcu.externaltools.gnu-tools-for-stm32.10.3-2021.10.win32_1.0.200.202301161003/tools/bin/../lib/gcc/arm-none-eabi/10.3.1/../../../../arm-none-eabi/lib/thumb/v7e-m/nofp\libc_nano.a
LOAD d:/programs/stm32cubeide_1.11.2/stm32cubeide/plugins/com.st.stm32cube.ide.mcu.externaltools.gnu-tools-for-stm32.10.3-2021.10.win32_1.0.200.202301161003/tools/bin/../lib/gcc/arm-none-eabi/10.3.1/../../../../arm-none-eabi/lib/thumb/v7e-m/nofp\libm.a
END GROUP
START GROUP
LOAD d:/programs/stm32cubeide_1.11.2/stm32cubeide/plugins/com.st.stm32cube.ide.mcu.externaltools.gnu-tools-for-stm32.10.3-2021.10.win32_1.0.200.202301161003/tools/bin/../lib/gcc/arm-none-eabi/10.3.1/thumb/v7e-m/nofp\libgcc.a
LOAD d:/programs/stm32cubeide_1.11.2/stm32cubeide/plugins/com.st.stm32cube.ide.mcu.externaltools.gnu-tools-for-stm32.10.3-2021.10.win32_1.0.200.202301161003/tools/bin/../lib/gcc/arm-none-eabi/10.3.1/../../../../arm-none-eabi/lib/thumb/v7e-m/nofp\libc_nano.a
END GROUP
START GROUP
LOAD d:/programs/stm32cubeide_1.11.2/stm32cubeide/plugins/com.st.stm32cube.ide.mcu.externaltools.gnu-tools-for-stm32.10.3-2021.10.win32_1.0.200.202301161003/tools/bin/../lib/gcc/arm-none-eabi/10.3.1/thumb/v7e-m/nofp\libgcc.a
LOAD d:/programs/stm32cubeide_1.11.2/stm32cubeide/plugins/com.st.stm32cube.ide.mcu.externaltools.gnu-tools-for-stm32.10.3-2021.10.win32_1.0.200.202301161003/tools/bin/../lib/gcc/arm-none-eabi/10.3.1/../../../../arm-none-eabi/lib/thumb/v7e-m/nofp\libc_nano.a
LOAD d:/programs/stm32cubeide_1.11.2/stm32cubeide/plugins/com.st.stm32cube.ide.mcu.externaltools.gnu-tools-for-stm32.10.3-2021.10.win32_1.0.200.202301161003/tools/bin/../lib/gcc/arm-none-eabi/10.3.1/../../../../arm-none-eabi/lib/thumb/v7e-m/nofp\libnosys.a
END GROUP
START GROUP
LOAD d:/programs/stm32cubeide_1.11.2/stm32cubeide/plugins/com.st.stm32cube.ide.mcu.externaltools.gnu-tools-for-stm32.10.3-2021.10.win32_1.0.200.202301161003/tools/bin/../lib/gcc/arm-none-eabi/10.3.1/thumb/v7e-m/nofp\libgcc.a
LOAD d:/programs/stm32cubeide_1.11.2/stm32cubeide/plugins/com.st.stm32cube.ide.mcu.externaltools.gnu-tools-for-stm32.10.3-2021.10.win32_1.0.200.202301161003/tools/bin/../lib/gcc/arm-none-eabi/10.3.1/../../../../arm-none-eabi/lib/thumb/v7e-m/nofp\libc_nano.a
LOAD d:/programs/stm32cubeide_1.11.2/stm32cubeide/plugins/com.st.stm32cube.ide.mcu.externaltools.gnu-tools-for-stm32.10.3-2021.10.win32_1.0.200.202301161003/tools/bin/../lib/gcc/arm-none-eabi/10.3.1/../../../../arm-none-eabi/lib/thumb/v7e-m/nofp\libnosys.a
END GROUP
LOAD d:/programs/stm32cubeide_1.11.2/stm32cubeide/plugins/com.st.stm32cube.ide.mcu.externaltools.gnu-tools-for-stm32.10.3-2021.10.win32_1.0.200.202301161003/tools/bin/../lib/gcc/arm-none-eabi/10.3.1/thumb/v7e-m/nofp/crtend.o
LOAD d:/programs/stm32cubeide_1.11.2/stm32cubeide/plugins/com.st.stm32cube.ide.mcu.externaltools.gnu-tools-for-stm32.10.3-2021.10.win32_1.0.200.202301161003/tools/bin/../lib/gcc/arm-none-eabi/10.3.1/thumb/v7e-m/nofp/crtn.o
                0x0000000020008000                _estack = (ORIGIN (RAM) + LENGTH (RAM))
                0x0000000000000200                _Min_Heap_Size = 0x200
                0x0000000000000400                _Min_Stack_Size = 0x400

.isr_vector     0x0000000008000000      0x138
                0x0000000008000000                . = ALIGN (0x4)
 *(.isr_vector)
 .isr_vector    0x0000000008000000      0x138 ./Core/Startup/startup_stm32wl55ccux.o
                0x0000000008000000                g_pfnVectors
                0x0000000008000138                . = ALIGN (0x4)

.text           0x0000000008000138     0x2d9c
                0x0000000008000138                . = ALIGN (0x4)
 *(.text)
 .text          0x0000000008000138       0x40 d:/programs/stm32cubeide_1.11.2/stm32cubeide/plugins/com.st.stm32cube.ide.mcu.externaltools.gnu-tools-for-stm32.10.3-2021.10.win32_1.0.200.202301161003/tools/bin/../lib/gcc/arm-none-eabi/10.3.1/thumb/v7e-m/nofp/crtbegin.o
 *(.text*)
 .text.SystemInit
                0x0000000008000178        0xc ./Common/System/system_stm32wlxx.o
                0x0000000008000178                SystemInit
 .text.LL_AHB2_GRP1_EnableClock
                0x0000000008000184       0x30 ./Core/Src/main.o
 .text.main     0x00000000080001b4       0x2c ./Core/Src/main.o
                0x00000000080001b4                main
 .text.SystemClock_Config
                0x00000000080001e0       0xc4 ./Core/Src/main.o
                0x00000000080001e0                SystemClock_Config
 .text.MX_I2C1_Init
                0x00000000080002a4       0x80 ./Core/Src/main.o
 .text.MX_I2C2_Init
                0x0000000008000324       0x80 ./Core/Src/main.o
 .text.MX_SPI1_Init
                0x00000000080003a4       0x7c ./Core/Src/main.o
 .text.MX_TIM1_Init
                0x0000000008000420       0xa8 ./Core/Src/main.o
 .text.MX_TIM2_Init
                0x00000000080004c8       0xa0 ./Core/Src/main.o
 .text.MX_GPIO_Init
                0x0000000008000568       0x14 ./Core/Src/main.o
 .text.Error_Handler
                0x000000000800057c        0xa ./Core/Src/main.o
                0x000000000800057c                Error_Handler
 .text.LL_AHB2_GRP1_EnableClock
                0x0000000008000586       0x30 ./Core/Src/stm32wlxx_hal_msp.o
 .text.LL_APB1_GRP1_EnableClock
                0x00000000080005b6       0x30 ./Core/Src/stm32wlxx_hal_msp.o
 .text.LL_APB2_GRP1_EnableClock
                0x00000000080005e6       0x30 ./Core/Src/stm32wlxx_hal_msp.o
 .text.HAL_MspInit
                0x0000000008000616        0xc ./Core/Src/stm32wlxx_hal_msp.o
                0x0000000008000616                HAL_MspInit
 *fill*         0x0000000008000622        0x2 
 .text.HAL_I2C_MspInit
                0x0000000008000624       0xec ./Core/Src/stm32wlxx_hal_msp.o
                0x0000000008000624                HAL_I2C_MspInit
 .text.HAL_SPI_MspInit
                0x0000000008000710       0x60 ./Core/Src/stm32wlxx_hal_msp.o
                0x0000000008000710                HAL_SPI_MspInit
 .text.HAL_TIM_Base_MspInit
                0x0000000008000770       0x38 ./Core/Src/stm32wlxx_hal_msp.o
                0x0000000008000770                HAL_TIM_Base_MspInit
 .text.NMI_Handler
                0x00000000080007a8        0x6 ./Core/Src/stm32wlxx_it.o
                0x00000000080007a8                NMI_Handler
 .text.HardFault_Handler
                0x00000000080007ae        0x6 ./Core/Src/stm32wlxx_it.o
                0x00000000080007ae                HardFault_Handler
 .text.MemManage_Handler
                0x00000000080007b4        0x6 ./Core/Src/stm32wlxx_it.o
                0x00000000080007b4                MemManage_Handler
 .text.BusFault_Handler
                0x00000000080007ba        0x6 ./Core/Src/stm32wlxx_it.o
                0x00000000080007ba                BusFault_Handler
 .text.UsageFault_Handler
                0x00000000080007c0        0x6 ./Core/Src/stm32wlxx_it.o
                0x00000000080007c0                UsageFault_Handler
 .text.SVC_Handler
                0x00000000080007c6        0xc ./Core/Src/stm32wlxx_it.o
                0x00000000080007c6                SVC_Handler
 .text.DebugMon_Handler
                0x00000000080007d2        0xc ./Core/Src/stm32wlxx_it.o
                0x00000000080007d2                DebugMon_Handler
 .text.PendSV_Handler
                0x00000000080007de        0xc ./Core/Src/stm32wlxx_it.o
                0x00000000080007de                PendSV_Handler
 .text.SysTick_Handler
                0x00000000080007ea        0xc ./Core/Src/stm32wlxx_it.o
                0x00000000080007ea                SysTick_Handler
 *fill*         0x00000000080007f6        0x2 
 .text.Reset_Handler
                0x00000000080007f8       0x50 ./Core/Startup/startup_stm32wl55ccux.o
                0x00000000080007f8                Reset_Handler
 .text.Default_Handler
                0x0000000008000848        0x2 ./Core/Startup/startup_stm32wl55ccux.o
                0x0000000008000848                RTC_Alarm_IRQHandler
                0x0000000008000848                EXTI2_IRQHandler
                0x0000000008000848                TIM1_CC_IRQHandler
                0x0000000008000848                EXTI3_IRQHandler
                0x0000000008000848                LPTIM2_IRQHandler
                0x0000000008000848                I2C3_ER_IRQHandler
                0x0000000008000848                LPTIM3_IRQHandler
                0x0000000008000848                EXTI0_IRQHandler
                0x0000000008000848                I2C2_EV_IRQHandler
                0x0000000008000848                TAMP_STAMP_LSECSS_SSRU_IRQHandler
                0x0000000008000848                SPI1_IRQHandler
                0x0000000008000848                DMA2_Channel2_IRQHandler
                0x0000000008000848                DMA1_Channel4_IRQHandler
                0x0000000008000848                PKA_IRQHandler
                0x0000000008000848                TIM17_IRQHandler
                0x0000000008000848                DMA1_Channel7_IRQHandler
                0x0000000008000848                SUBGHZSPI_IRQHandler
                0x0000000008000848                IPCC_C1_TX_IRQHandler
                0x0000000008000848                DMA2_Channel1_IRQHandler
                0x0000000008000848                I2C1_EV_IRQHandler
                0x0000000008000848                SUBGHZ_Radio_IRQHandler
                0x0000000008000848                DMAMUX1_OVR_IRQHandler
                0x0000000008000848                DMA1_Channel6_IRQHandler
                0x0000000008000848                TIM16_IRQHandler
                0x0000000008000848                DMA2_Channel4_IRQHandler
                0x0000000008000848                RCC_IRQHandler
                0x0000000008000848                TIM1_TRG_COM_IRQHandler
                0x0000000008000848                DMA1_Channel1_IRQHandler
                0x0000000008000848                Default_Handler
                0x0000000008000848                DMA2_Channel7_IRQHandler
                0x0000000008000848                EXTI15_10_IRQHandler
                0x0000000008000848                IPCC_C1_RX_IRQHandler
                0x0000000008000848                ADC_IRQHandler
                0x0000000008000848                C2SEV_PWR_C2H_IRQHandler
                0x0000000008000848                I2C3_EV_IRQHandler
                0x0000000008000848                EXTI9_5_IRQHandler
                0x0000000008000848                RTC_WKUP_IRQHandler
                0x0000000008000848                PVD_PVM_IRQHandler
                0x0000000008000848                SPI2_IRQHandler
                0x0000000008000848                DMA2_Channel5_IRQHandler
                0x0000000008000848                DMA1_Channel5_IRQHandler
                0x0000000008000848                EXTI4_IRQHandler
                0x0000000008000848                RNG_IRQHandler
                0x0000000008000848                DMA1_Channel3_IRQHandler
                0x0000000008000848                COMP_IRQHandler
                0x0000000008000848                HSEM_IRQHandler
                0x0000000008000848                TIM1_UP_IRQHandler
                0x0000000008000848                WWDG_IRQHandler
                0x0000000008000848                LPUART1_IRQHandler
                0x0000000008000848                DMA2_Channel6_IRQHandler
                0x0000000008000848                TIM2_IRQHandler
                0x0000000008000848                TIM1_BRK_IRQHandler
                0x0000000008000848                DAC_IRQHandler
                0x0000000008000848                EXTI1_IRQHandler
                0x0000000008000848                AES_IRQHandler
                0x0000000008000848                USART2_IRQHandler
                0x0000000008000848                I2C2_ER_IRQHandler
                0x0000000008000848                DMA1_Channel2_IRQHandler
                0x0000000008000848                FLASH_IRQHandler
                0x0000000008000848                USART1_IRQHandler
                0x0000000008000848                I2C1_ER_IRQHandler
                0x0000000008000848                LPTIM1_IRQHandler
                0x0000000008000848                DMA2_Channel3_IRQHandler
 *fill*         0x000000000800084a        0x2 
 .text.HAL_Init
                0x000000000800084c       0x40 ./Drivers/STM32WLxx_HAL_Driver/stm32wlxx_hal.o
                0x000000000800084c                HAL_Init
 .text.HAL_InitTick
                0x000000000800088c       0x74 ./Drivers/STM32WLxx_HAL_Driver/stm32wlxx_hal.o
                0x000000000800088c                HAL_InitTick
 .text.HAL_IncTick
                0x0000000008000900       0x24 ./Drivers/STM32WLxx_HAL_Driver/stm32wlxx_hal.o
                0x0000000008000900                HAL_IncTick
 .text.HAL_GetTick
                0x0000000008000924       0x14 ./Drivers/STM32WLxx_HAL_Driver/stm32wlxx_hal.o
                0x0000000008000924                HAL_GetTick
 .text.__NVIC_SetPriorityGrouping
                0x0000000008000938       0x48 ./Drivers/STM32WLxx_HAL_Driver/stm32wlxx_hal_cortex.o
 .text.__NVIC_GetPriorityGrouping
                0x0000000008000980       0x1c ./Drivers/STM32WLxx_HAL_Driver/stm32wlxx_hal_cortex.o
 .text.__NVIC_SetPriority
                0x000000000800099c       0x54 ./Drivers/STM32WLxx_HAL_Driver/stm32wlxx_hal_cortex.o
 .text.NVIC_EncodePriority
                0x00000000080009f0       0x64 ./Drivers/STM32WLxx_HAL_Driver/stm32wlxx_hal_cortex.o
 .text.SysTick_Config
                0x0000000008000a54       0x44 ./Drivers/STM32WLxx_HAL_Driver/stm32wlxx_hal_cortex.o
 .text.HAL_NVIC_SetPriorityGrouping
                0x0000000008000a98       0x16 ./Drivers/STM32WLxx_HAL_Driver/stm32wlxx_hal_cortex.o
                0x0000000008000a98                HAL_NVIC_SetPriorityGrouping
 .text.HAL_NVIC_SetPriority
                0x0000000008000aae       0x34 ./Drivers/STM32WLxx_HAL_Driver/stm32wlxx_hal_cortex.o
                0x0000000008000aae                HAL_NVIC_SetPriority
 .text.HAL_SYSTICK_Config
                0x0000000008000ae2       0x18 ./Drivers/STM32WLxx_HAL_Driver/stm32wlxx_hal_cortex.o
                0x0000000008000ae2                HAL_SYSTICK_Config
 *fill*         0x0000000008000afa        0x2 
 .text.HAL_GPIO_Init
                0x0000000008000afc      0x2c0 ./Drivers/STM32WLxx_HAL_Driver/stm32wlxx_hal_gpio.o
                0x0000000008000afc                HAL_GPIO_Init
 .text.HAL_I2C_Init
                0x0000000008000dbc      0x11e ./Drivers/STM32WLxx_HAL_Driver/stm32wlxx_hal_i2c.o
                0x0000000008000dbc                HAL_I2C_Init
 .text.HAL_I2CEx_ConfigAnalogFilter
                0x0000000008000eda       0x94 ./Drivers/STM32WLxx_HAL_Driver/stm32wlxx_hal_i2c_ex.o
                0x0000000008000eda                HAL_I2CEx_ConfigAnalogFilter
 .text.HAL_I2CEx_ConfigDigitalFilter
                0x0000000008000f6e       0x96 ./Drivers/STM32WLxx_HAL_Driver/stm32wlxx_hal_i2c_ex.o
                0x0000000008000f6e                HAL_I2CEx_ConfigDigitalFilter
 .text.HAL_PWR_EnableBkUpAccess
                0x0000000008001004       0x1c ./Drivers/STM32WLxx_HAL_Driver/stm32wlxx_hal_pwr.o
                0x0000000008001004                HAL_PWR_EnableBkUpAccess
 .text.LL_PWR_EnableBootC2
                0x0000000008001020       0x1c ./Drivers/STM32WLxx_HAL_Driver/stm32wlxx_hal_pwr_ex.o
 .text.HAL_PWREx_GetVoltageRange
                0x000000000800103c       0x18 ./Drivers/STM32WLxx_HAL_Driver/stm32wlxx_hal_pwr_ex.o
                0x000000000800103c                HAL_PWREx_GetVoltageRange
 .text.HAL_PWREx_ReleaseCore
                0x0000000008001054       0x14 ./Drivers/STM32WLxx_HAL_Driver/stm32wlxx_hal_pwr_ex.o
                0x0000000008001054                HAL_PWREx_ReleaseCore
 .text.LL_PWR_IsEnabledBkUpAccess
                0x0000000008001068       0x24 ./Drivers/STM32WLxx_HAL_Driver/stm32wlxx_hal_rcc.o
 .text.LL_RCC_HSE_EnableTcxo
                0x000000000800108c       0x1c ./Drivers/STM32WLxx_HAL_Driver/stm32wlxx_hal_rcc.o
 .text.LL_RCC_HSE_DisableTcxo
                0x00000000080010a8       0x1c ./Drivers/STM32WLxx_HAL_Driver/stm32wlxx_hal_rcc.o
 .text.LL_RCC_HSE_IsEnabledDiv2
                0x00000000080010c4       0x22 ./Drivers/STM32WLxx_HAL_Driver/stm32wlxx_hal_rcc.o
 .text.LL_RCC_HSE_Enable
                0x00000000080010e6       0x1c ./Drivers/STM32WLxx_HAL_Driver/stm32wlxx_hal_rcc.o
 .text.LL_RCC_HSE_Disable
                0x0000000008001102       0x1c ./Drivers/STM32WLxx_HAL_Driver/stm32wlxx_hal_rcc.o
 .text.LL_RCC_HSE_IsReady
                0x000000000800111e       0x22 ./Drivers/STM32WLxx_HAL_Driver/stm32wlxx_hal_rcc.o
 .text.LL_RCC_HSI_Enable
                0x0000000008001140       0x1c ./Drivers/STM32WLxx_HAL_Driver/stm32wlxx_hal_rcc.o
 .text.LL_RCC_HSI_Disable
                0x000000000800115c       0x1c ./Drivers/STM32WLxx_HAL_Driver/stm32wlxx_hal_rcc.o
 .text.LL_RCC_HSI_IsReady
                0x0000000008001178       0x22 ./Drivers/STM32WLxx_HAL_Driver/stm32wlxx_hal_rcc.o
 .text.LL_RCC_HSI_SetCalibTrimming
                0x000000000800119a       0x28 ./Drivers/STM32WLxx_HAL_Driver/stm32wlxx_hal_rcc.o
 .text.LL_RCC_LSE_IsReady
                0x00000000080011c2       0x22 ./Drivers/STM32WLxx_HAL_Driver/stm32wlxx_hal_rcc.o
 .text.LL_RCC_LSI_Enable
                0x00000000080011e4       0x20 ./Drivers/STM32WLxx_HAL_Driver/stm32wlxx_hal_rcc.o
 .text.LL_RCC_LSI_Disable
                0x0000000008001204       0x20 ./Drivers/STM32WLxx_HAL_Driver/stm32wlxx_hal_rcc.o
 .text.LL_RCC_LSI_IsReady
                0x0000000008001224       0x22 ./Drivers/STM32WLxx_HAL_Driver/stm32wlxx_hal_rcc.o
 .text.LL_RCC_MSI_Enable
                0x0000000008001246       0x1c ./Drivers/STM32WLxx_HAL_Driver/stm32wlxx_hal_rcc.o
 .text.LL_RCC_MSI_Disable
                0x0000000008001262       0x1c ./Drivers/STM32WLxx_HAL_Driver/stm32wlxx_hal_rcc.o
 .text.LL_RCC_MSI_IsReady
                0x000000000800127e       0x20 ./Drivers/STM32WLxx_HAL_Driver/stm32wlxx_hal_rcc.o
 .text.LL_RCC_MSI_IsEnabledRangeSelect
                0x000000000800129e       0x20 ./Drivers/STM32WLxx_HAL_Driver/stm32wlxx_hal_rcc.o
 .text.LL_RCC_MSI_GetRange
                0x00000000080012be       0x16 ./Drivers/STM32WLxx_HAL_Driver/stm32wlxx_hal_rcc.o
 .text.LL_RCC_MSI_GetRangeAfterStandby
                0x00000000080012d4       0x18 ./Drivers/STM32WLxx_HAL_Driver/stm32wlxx_hal_rcc.o
 .text.LL_RCC_MSI_SetCalibTrimming
                0x00000000080012ec       0x28 ./Drivers/STM32WLxx_HAL_Driver/stm32wlxx_hal_rcc.o
 .text.LL_RCC_SetSysClkSource
                0x0000000008001314       0x26 ./Drivers/STM32WLxx_HAL_Driver/stm32wlxx_hal_rcc.o
 .text.LL_RCC_GetSysClkSource
                0x000000000800133a       0x16 ./Drivers/STM32WLxx_HAL_Driver/stm32wlxx_hal_rcc.o
 .text.LL_RCC_SetAHBPrescaler
                0x0000000008001350       0x26 ./Drivers/STM32WLxx_HAL_Driver/stm32wlxx_hal_rcc.o
 .text.LL_C2_RCC_SetAHBPrescaler
                0x0000000008001376       0x2a ./Drivers/STM32WLxx_HAL_Driver/stm32wlxx_hal_rcc.o
 .text.LL_RCC_SetAHB3Prescaler
                0x00000000080013a0       0x2c ./Drivers/STM32WLxx_HAL_Driver/stm32wlxx_hal_rcc.o
 .text.LL_RCC_SetAPB1Prescaler
                0x00000000080013cc       0x26 ./Drivers/STM32WLxx_HAL_Driver/stm32wlxx_hal_rcc.o
 .text.LL_RCC_SetAPB2Prescaler
                0x00000000080013f2       0x26 ./Drivers/STM32WLxx_HAL_Driver/stm32wlxx_hal_rcc.o
 .text.LL_RCC_GetAHBPrescaler
                0x0000000008001418       0x16 ./Drivers/STM32WLxx_HAL_Driver/stm32wlxx_hal_rcc.o
 .text.LL_RCC_GetAHB3Prescaler
                0x000000000800142e       0x1a ./Drivers/STM32WLxx_HAL_Driver/stm32wlxx_hal_rcc.o
 .text.LL_RCC_PLL_Enable
                0x0000000008001448       0x1c ./Drivers/STM32WLxx_HAL_Driver/stm32wlxx_hal_rcc.o
 .text.LL_RCC_PLL_Disable
                0x0000000008001464       0x1c ./Drivers/STM32WLxx_HAL_Driver/stm32wlxx_hal_rcc.o
 .text.LL_RCC_PLL_IsReady
                0x0000000008001480       0x22 ./Drivers/STM32WLxx_HAL_Driver/stm32wlxx_hal_rcc.o
 .text.LL_RCC_PLL_GetN
                0x00000000080014a2       0x18 ./Drivers/STM32WLxx_HAL_Driver/stm32wlxx_hal_rcc.o
 .text.LL_RCC_PLL_GetR
                0x00000000080014ba       0x16 ./Drivers/STM32WLxx_HAL_Driver/stm32wlxx_hal_rcc.o
 .text.LL_RCC_PLL_GetDivider
                0x00000000080014d0       0x16 ./Drivers/STM32WLxx_HAL_Driver/stm32wlxx_hal_rcc.o
 .text.LL_RCC_PLL_GetMainSource
                0x00000000080014e6       0x16 ./Drivers/STM32WLxx_HAL_Driver/stm32wlxx_hal_rcc.o
 .text.LL_RCC_IsActiveFlag_HPRE
                0x00000000080014fc       0x22 ./Drivers/STM32WLxx_HAL_Driver/stm32wlxx_hal_rcc.o
 .text.LL_RCC_IsActiveFlag_C2HPRE
                0x000000000800151e       0x24 ./Drivers/STM32WLxx_HAL_Driver/stm32wlxx_hal_rcc.o
 .text.LL_RCC_IsActiveFlag_SHDHPRE
                0x0000000008001542       0x24 ./Drivers/STM32WLxx_HAL_Driver/stm32wlxx_hal_rcc.o
 .text.LL_RCC_IsActiveFlag_PPRE1
                0x0000000008001566       0x22 ./Drivers/STM32WLxx_HAL_Driver/stm32wlxx_hal_rcc.o
 .text.LL_RCC_IsActiveFlag_PPRE2
                0x0000000008001588       0x22 ./Drivers/STM32WLxx_HAL_Driver/stm32wlxx_hal_rcc.o
 *fill*         0x00000000080015aa        0x2 
 .text.HAL_RCC_OscConfig
                0x00000000080015ac      0x704 ./Drivers/STM32WLxx_HAL_Driver/stm32wlxx_hal_rcc.o
                0x00000000080015ac                HAL_RCC_OscConfig
 .text.HAL_RCC_ClockConfig
                0x0000000008001cb0      0x284 ./Drivers/STM32WLxx_HAL_Driver/stm32wlxx_hal_rcc.o
                0x0000000008001cb0                HAL_RCC_ClockConfig
 .text.HAL_RCC_GetSysClockFreq
                0x0000000008001f34      0x140 ./Drivers/STM32WLxx_HAL_Driver/stm32wlxx_hal_rcc.o
                0x0000000008001f34                HAL_RCC_GetSysClockFreq
 .text.HAL_RCC_GetHCLKFreq
                0x0000000008002074       0x28 ./Drivers/STM32WLxx_HAL_Driver/stm32wlxx_hal_rcc.o
                0x0000000008002074                HAL_RCC_GetHCLKFreq
 .text.RCC_SetFlashLatencyFromMSIRange
                0x000000000800209c       0x60 ./Drivers/STM32WLxx_HAL_Driver/stm32wlxx_hal_rcc.o
 .text.RCC_SetFlashLatency
                0x00000000080020fc      0x104 ./Drivers/STM32WLxx_HAL_Driver/stm32wlxx_hal_rcc.o
 .text.LL_RCC_LSE_IsReady
                0x0000000008002200       0x22 ./Drivers/STM32WLxx_HAL_Driver/stm32wlxx_hal_rcc_ex.o
 .text.LL_RCC_SetUSARTClockSource
                0x0000000008002222       0x30 ./Drivers/STM32WLxx_HAL_Driver/stm32wlxx_hal_rcc_ex.o
 .text.LL_RCC_SetI2SClockSource
                0x0000000008002252       0x2a ./Drivers/STM32WLxx_HAL_Driver/stm32wlxx_hal_rcc_ex.o
 .text.LL_RCC_SetLPUARTClockSource
                0x000000000800227c       0x2a ./Drivers/STM32WLxx_HAL_Driver/stm32wlxx_hal_rcc_ex.o
 .text.LL_RCC_SetI2CClockSource
                0x00000000080022a6       0x38 ./Drivers/STM32WLxx_HAL_Driver/stm32wlxx_hal_rcc_ex.o
 .text.LL_RCC_SetLPTIMClockSource
                0x00000000080022de       0x32 ./Drivers/STM32WLxx_HAL_Driver/stm32wlxx_hal_rcc_ex.o
 .text.LL_RCC_SetRNGClockSource
                0x0000000008002310       0x2a ./Drivers/STM32WLxx_HAL_Driver/stm32wlxx_hal_rcc_ex.o
 .text.LL_RCC_SetADCClockSource
                0x000000000800233a       0x2a ./Drivers/STM32WLxx_HAL_Driver/stm32wlxx_hal_rcc_ex.o
 .text.LL_RCC_SetRTCClockSource
                0x0000000008002364       0x2a ./Drivers/STM32WLxx_HAL_Driver/stm32wlxx_hal_rcc_ex.o
 .text.LL_RCC_GetRTCClockSource
                0x000000000800238e       0x18 ./Drivers/STM32WLxx_HAL_Driver/stm32wlxx_hal_rcc_ex.o
 .text.LL_RCC_ForceBackupDomainReset
                0x00000000080023a6       0x20 ./Drivers/STM32WLxx_HAL_Driver/stm32wlxx_hal_rcc_ex.o
 .text.LL_RCC_ReleaseBackupDomainReset
                0x00000000080023c6       0x20 ./Drivers/STM32WLxx_HAL_Driver/stm32wlxx_hal_rcc_ex.o
 *fill*         0x00000000080023e6        0x2 
 .text.HAL_RCCEx_PeriphCLKConfig
                0x00000000080023e8      0x234 ./Drivers/STM32WLxx_HAL_Driver/stm32wlxx_hal_rcc_ex.o
                0x00000000080023e8                HAL_RCCEx_PeriphCLKConfig
 .text.HAL_SPI_Init
                0x000000000800261c      0x1a8 ./Drivers/STM32WLxx_HAL_Driver/stm32wlxx_hal_spi.o
                0x000000000800261c                HAL_SPI_Init
 .text.HAL_TIM_Base_Init
                0x00000000080027c4       0xae ./Drivers/STM32WLxx_HAL_Driver/stm32wlxx_hal_tim.o
                0x00000000080027c4                HAL_TIM_Base_Init
 .text.HAL_TIM_ConfigClockSource
                0x0000000008002872      0x192 ./Drivers/STM32WLxx_HAL_Driver/stm32wlxx_hal_tim.o
                0x0000000008002872                HAL_TIM_ConfigClockSource
 .text.HAL_TIM_SlaveConfigSynchro
                0x0000000008002a04       0x84 ./Drivers/STM32WLxx_HAL_Driver/stm32wlxx_hal_tim.o
                0x0000000008002a04                HAL_TIM_SlaveConfigSynchro
 .text.TIM_Base_SetConfig
                0x0000000008002a88       0xc4 ./Drivers/STM32WLxx_HAL_Driver/stm32wlxx_hal_tim.o
                0x0000000008002a88                TIM_Base_SetConfig
 .text.TIM_SlaveTimer_SetConfig
                0x0000000008002b4c      0x12a ./Drivers/STM32WLxx_HAL_Driver/stm32wlxx_hal_tim.o
 .text.TIM_TI1_ConfigInputStage
                0x0000000008002c76       0x5c ./Drivers/STM32WLxx_HAL_Driver/stm32wlxx_hal_tim.o
 .text.TIM_TI2_ConfigInputStage
                0x0000000008002cd2       0x5e ./Drivers/STM32WLxx_HAL_Driver/stm32wlxx_hal_tim.o
 .text.TIM_ITRx_SetConfig
                0x0000000008002d30       0x38 ./Drivers/STM32WLxx_HAL_Driver/stm32wlxx_hal_tim.o
 .text.TIM_ETR_SetConfig
                0x0000000008002d68       0x3e ./Drivers/STM32WLxx_HAL_Driver/stm32wlxx_hal_tim.o
                0x0000000008002d68                TIM_ETR_SetConfig
 *fill*         0x0000000008002da6        0x2 
 .text.HAL_TIMEx_MasterConfigSynchronization
                0x0000000008002da8       0xbc ./Drivers/STM32WLxx_HAL_Driver/stm32wlxx_hal_tim_ex.o
                0x0000000008002da8                HAL_TIMEx_MasterConfigSynchronization
 .text.__libc_init_array
                0x0000000008002e64       0x48 d:/programs/stm32cubeide_1.11.2/stm32cubeide/plugins/com.st.stm32cube.ide.mcu.externaltools.gnu-tools-for-stm32.10.3-2021.10.win32_1.0.200.202301161003/tools/bin/../lib/gcc/arm-none-eabi/10.3.1/../../../../arm-none-eabi/lib/thumb/v7e-m/nofp\libc_nano.a(lib_a-init.o)
                0x0000000008002e64                __libc_init_array
 .text.memset   0x0000000008002eac       0x10 d:/programs/stm32cubeide_1.11.2/stm32cubeide/plugins/com.st.stm32cube.ide.mcu.externaltools.gnu-tools-for-stm32.10.3-2021.10.win32_1.0.200.202301161003/tools/bin/../lib/gcc/arm-none-eabi/10.3.1/../../../../arm-none-eabi/lib/thumb/v7e-m/nofp\libc_nano.a(lib_a-memset.o)
                0x0000000008002eac                memset
 *(.glue_7)
 .glue_7        0x0000000008002ebc        0x0 linker stubs
 *(.glue_7t)
 .glue_7t       0x0000000008002ebc        0x0 linker stubs
 *(.eh_frame)
 .eh_frame      0x0000000008002ebc        0x0 d:/programs/stm32cubeide_1.11.2/stm32cubeide/plugins/com.st.stm32cube.ide.mcu.externaltools.gnu-tools-for-stm32.10.3-2021.10.win32_1.0.200.202301161003/tools/bin/../lib/gcc/arm-none-eabi/10.3.1/thumb/v7e-m/nofp/crtbegin.o
 *(.init)
 .init          0x0000000008002ebc        0x4 d:/programs/stm32cubeide_1.11.2/stm32cubeide/plugins/com.st.stm32cube.ide.mcu.externaltools.gnu-tools-for-stm32.10.3-2021.10.win32_1.0.200.202301161003/tools/bin/../lib/gcc/arm-none-eabi/10.3.1/thumb/v7e-m/nofp/crti.o
                0x0000000008002ebc                _init
 .init          0x0000000008002ec0        0x8 d:/programs/stm32cubeide_1.11.2/stm32cubeide/plugins/com.st.stm32cube.ide.mcu.externaltools.gnu-tools-for-stm32.10.3-2021.10.win32_1.0.200.202301161003/tools/bin/../lib/gcc/arm-none-eabi/10.3.1/thumb/v7e-m/nofp/crtn.o
 *(.fini)
 .fini          0x0000000008002ec8        0x4 d:/programs/stm32cubeide_1.11.2/stm32cubeide/plugins/com.st.stm32cube.ide.mcu.externaltools.gnu-tools-for-stm32.10.3-2021.10.win32_1.0.200.202301161003/tools/bin/../lib/gcc/arm-none-eabi/10.3.1/thumb/v7e-m/nofp/crti.o
                0x0000000008002ec8                _fini
 .fini          0x0000000008002ecc        0x8 d:/programs/stm32cubeide_1.11.2/stm32cubeide/plugins/com.st.stm32cube.ide.mcu.externaltools.gnu-tools-for-stm32.10.3-2021.10.win32_1.0.200.202301161003/tools/bin/../lib/gcc/arm-none-eabi/10.3.1/thumb/v7e-m/nofp/crtn.o
                0x0000000008002ed4                . = ALIGN (0x4)
                0x0000000008002ed4                _etext = .

.vfp11_veneer   0x0000000008002ed4        0x0
 .vfp11_veneer  0x0000000008002ed4        0x0 linker stubs

.v4_bx          0x0000000008002ed4        0x0
 .v4_bx         0x0000000008002ed4        0x0 linker stubs

.iplt           0x0000000008002ed4        0x0
 .iplt          0x0000000008002ed4        0x0 d:/programs/stm32cubeide_1.11.2/stm32cubeide/plugins/com.st.stm32cube.ide.mcu.externaltools.gnu-tools-for-stm32.10.3-2021.10.win32_1.0.200.202301161003/tools/bin/../lib/gcc/arm-none-eabi/10.3.1/thumb/v7e-m/nofp/crtbegin.o

.rodata         0x0000000008002ed4       0x9c
                0x0000000008002ed4                . = ALIGN (0x4)
 *(.rodata)
 .rodata        0x0000000008002ed4       0x1c ./Drivers/STM32WLxx_HAL_Driver/stm32wlxx_hal_rcc.o
 *(.rodata*)
 .rodata.AHBPrescTable
                0x0000000008002ef0       0x40 ./Common/System/system_stm32wlxx.o
                0x0000000008002ef0                AHBPrescTable
 .rodata.MSIRangeTable
                0x0000000008002f30       0x40 ./Common/System/system_stm32wlxx.o
                0x0000000008002f30                MSIRangeTable
                0x0000000008002f70                . = ALIGN (0x4)

.rel.dyn        0x0000000008002f70        0x0
 .rel.iplt      0x0000000008002f70        0x0 d:/programs/stm32cubeide_1.11.2/stm32cubeide/plugins/com.st.stm32cube.ide.mcu.externaltools.gnu-tools-for-stm32.10.3-2021.10.win32_1.0.200.202301161003/tools/bin/../lib/gcc/arm-none-eabi/10.3.1/thumb/v7e-m/nofp/crtbegin.o

.ARM.extab      0x0000000008002f70        0x0
                0x0000000008002f70                . = ALIGN (0x4)
 *(.ARM.extab* .gnu.linkonce.armextab.*)
                0x0000000008002f70                . = ALIGN (0x4)

.ARM            0x0000000008002f70        0x0
                0x0000000008002f70                . = ALIGN (0x4)
                0x0000000008002f70                __exidx_start = .
 *(.ARM.exidx*)
                0x0000000008002f70                __exidx_end = .
                0x0000000008002f70                . = ALIGN (0x4)

.preinit_array  0x0000000008002f70        0x0
                0x0000000008002f70                . = ALIGN (0x4)
                0x0000000008002f70                PROVIDE (__preinit_array_start = .)
 *(.preinit_array*)
                0x0000000008002f70                PROVIDE (__preinit_array_end = .)
                0x0000000008002f70                . = ALIGN (0x4)

.init_array     0x0000000008002f70        0x4
                0x0000000008002f70                . = ALIGN (0x4)
                0x0000000008002f70                PROVIDE (__init_array_start = .)
 *(SORT_BY_NAME(.init_array.*))
 *(.init_array*)
 .init_array    0x0000000008002f70        0x4 d:/programs/stm32cubeide_1.11.2/stm32cubeide/plugins/com.st.stm32cube.ide.mcu.externaltools.gnu-tools-for-stm32.10.3-2021.10.win32_1.0.200.202301161003/tools/bin/../lib/gcc/arm-none-eabi/10.3.1/thumb/v7e-m/nofp/crtbegin.o
                0x0000000008002f74                PROVIDE (__init_array_end = .)
                0x0000000008002f74                . = ALIGN (0x4)

.fini_array     0x0000000008002f74        0x4
                0x0000000008002f74                . = ALIGN (0x4)
                [!provide]                        PROVIDE (__fini_array_start = .)
 *(SORT_BY_NAME(.fini_array.*))
 *(.fini_array*)
 .fini_array    0x0000000008002f74        0x4 d:/programs/stm32cubeide_1.11.2/stm32cubeide/plugins/com.st.stm32cube.ide.mcu.externaltools.gnu-tools-for-stm32.10.3-2021.10.win32_1.0.200.202301161003/tools/bin/../lib/gcc/arm-none-eabi/10.3.1/thumb/v7e-m/nofp/crtbegin.o
                [!provide]                        PROVIDE (__fini_array_end = .)
                0x0000000008002f78                . = ALIGN (0x4)
                0x0000000008002f78                _sidata = LOADADDR (.data)

.data           0x0000000020000000        0xc load address 0x0000000008002f78
                0x0000000020000000                . = ALIGN (0x4)
                0x0000000020000000                _sdata = .
 *(.data)
 *(.data*)
 .data.SystemCoreClock
                0x0000000020000000        0x4 ./Common/System/system_stm32wlxx.o
                0x0000000020000000                SystemCoreClock
 .data.uwTickPrio
                0x0000000020000004        0x4 ./Drivers/STM32WLxx_HAL_Driver/stm32wlxx_hal.o
                0x0000000020000004                uwTickPrio
 .data.uwTickFreq
                0x0000000020000008        0x1 ./Drivers/STM32WLxx_HAL_Driver/stm32wlxx_hal.o
                0x0000000020000008                uwTickFreq
 *(.RamFunc)
 *(.RamFunc*)
                0x000000002000000c                . = ALIGN (0x4)
 *fill*         0x0000000020000009        0x3 
                0x000000002000000c                _edata = .

.igot.plt       0x000000002000000c        0x0 load address 0x0000000008002f84
 .igot.plt      0x000000002000000c        0x0 d:/programs/stm32cubeide_1.11.2/stm32cubeide/plugins/com.st.stm32cube.ide.mcu.externaltools.gnu-tools-for-stm32.10.3-2021.10.win32_1.0.200.202301161003/tools/bin/../lib/gcc/arm-none-eabi/10.3.1/thumb/v7e-m/nofp/crtbegin.o
                0x000000002000000c                . = ALIGN (0x4)

.bss            0x000000002000000c      0x1c4 load address 0x0000000008002f84
                0x000000002000000c                _sbss = .
                0x000000002000000c                __bss_start__ = _sbss
 *(.bss)
 .bss           0x000000002000000c       0x1c d:/programs/stm32cubeide_1.11.2/stm32cubeide/plugins/com.st.stm32cube.ide.mcu.externaltools.gnu-tools-for-stm32.10.3-2021.10.win32_1.0.200.202301161003/tools/bin/../lib/gcc/arm-none-eabi/10.3.1/thumb/v7e-m/nofp/crtbegin.o
 *(.bss*)
 .bss.hi2c1     0x0000000020000028       0x54 ./Core/Src/main.o
                0x0000000020000028                hi2c1
 .bss.hi2c2     0x000000002000007c       0x54 ./Core/Src/main.o
                0x000000002000007c                hi2c2
 .bss.hspi1     0x00000000200000d0       0x64 ./Core/Src/main.o
                0x00000000200000d0                hspi1
 .bss.htim1     0x0000000020000134       0x4c ./Core/Src/main.o
                0x0000000020000134                htim1
 .bss.htim2     0x0000000020000180       0x4c ./Core/Src/main.o
                0x0000000020000180                htim2
 .bss.uwTick    0x00000000200001cc        0x4 ./Drivers/STM32WLxx_HAL_Driver/stm32wlxx_hal.o
                0x00000000200001cc                uwTick
 *(COMMON)
                0x00000000200001d0                . = ALIGN (0x4)
                0x00000000200001d0                _ebss = .
                0x00000000200001d0                __bss_end__ = _ebss

._user_heap_stack
                0x00000000200001d0      0x600 load address 0x0000000008002f84
                0x00000000200001d0                . = ALIGN (0x8)
                [!provide]                        PROVIDE (end = .)
                0x00000000200001d0                PROVIDE (_end = .)
                0x00000000200003d0                . = (. + _Min_Heap_Size)
 *fill*         0x00000000200001d0      0x200 
                0x00000000200007d0                . = (. + _Min_Stack_Size)
 *fill*         0x00000000200003d0      0x400 
                0x00000000200007d0                . = ALIGN (0x8)

/DISCARD/
 libc.a(*)
 libm.a(*)
 libgcc.a(*)

.ARM.attributes
                0x0000000000000000       0x2a
 *(.ARM.attributes)
 .ARM.attributes
                0x0000000000000000       0x1e d:/programs/stm32cubeide_1.11.2/stm32cubeide/plugins/com.st.stm32cube.ide.mcu.externaltools.gnu-tools-for-stm32.10.3-2021.10.win32_1.0.200.202301161003/tools/bin/../lib/gcc/arm-none-eabi/10.3.1/thumb/v7e-m/nofp/crti.o
 .ARM.attributes
                0x000000000000001e       0x2e d:/programs/stm32cubeide_1.11.2/stm32cubeide/plugins/com.st.stm32cube.ide.mcu.externaltools.gnu-tools-for-stm32.10.3-2021.10.win32_1.0.200.202301161003/tools/bin/../lib/gcc/arm-none-eabi/10.3.1/thumb/v7e-m/nofp/crtbegin.o
 .ARM.attributes
                0x000000000000004c       0x2e ./Common/System/system_stm32wlxx.o
 .ARM.attributes
                0x000000000000007a       0x2e ./Core/Src/main.o
 .ARM.attributes
                0x00000000000000a8       0x2e ./Core/Src/stm32wlxx_hal_msp.o
 .ARM.attributes
                0x00000000000000d6       0x2e ./Core/Src/stm32wlxx_it.o
 .ARM.attributes
                0x0000000000000104       0x21 ./Core/Startup/startup_stm32wl55ccux.o
 .ARM.attributes
                0x0000000000000125       0x2e ./Drivers/STM32WLxx_HAL_Driver/stm32wlxx_hal.o
 .ARM.attributes
                0x0000000000000153       0x2e ./Drivers/STM32WLxx_HAL_Driver/stm32wlxx_hal_cortex.o
 .ARM.attributes
                0x0000000000000181       0x2e ./Drivers/STM32WLxx_HAL_Driver/stm32wlxx_hal_gpio.o
 .ARM.attributes
                0x00000000000001af       0x2e ./Drivers/STM32WLxx_HAL_Driver/stm32wlxx_hal_i2c.o
 .ARM.attributes
                0x00000000000001dd       0x2e ./Drivers/STM32WLxx_HAL_Driver/stm32wlxx_hal_i2c_ex.o
 .ARM.attributes
                0x000000000000020b       0x2e ./Drivers/STM32WLxx_HAL_Driver/stm32wlxx_hal_pwr.o
 .ARM.attributes
                0x0000000000000239       0x2e ./Drivers/STM32WLxx_HAL_Driver/stm32wlxx_hal_pwr_ex.o
 .ARM.attributes
                0x0000000000000267       0x2e ./Drivers/STM32WLxx_HAL_Driver/stm32wlxx_hal_rcc.o
 .ARM.attributes
                0x0000000000000295       0x2e ./Drivers/STM32WLxx_HAL_Driver/stm32wlxx_hal_rcc_ex.o
 .ARM.attributes
                0x00000000000002c3       0x2e ./Drivers/STM32WLxx_HAL_Driver/stm32wlxx_hal_spi.o
 .ARM.attributes
                0x00000000000002f1       0x2e ./Drivers/STM32WLxx_HAL_Driver/stm32wlxx_hal_tim.o
 .ARM.attributes
                0x000000000000031f       0x2e ./Drivers/STM32WLxx_HAL_Driver/stm32wlxx_hal_tim_ex.o
 .ARM.attributes
                0x000000000000034d       0x2e d:/programs/stm32cubeide_1.11.2/stm32cubeide/plugins/com.st.stm32cube.ide.mcu.externaltools.gnu-tools-for-stm32.10.3-2021.10.win32_1.0.200.202301161003/tools/bin/../lib/gcc/arm-none-eabi/10.3.1/../../../../arm-none-eabi/lib/thumb/v7e-m/nofp\libc_nano.a(lib_a-init.o)
 .ARM.attributes
                0x000000000000037b       0x2e d:/programs/stm32cubeide_1.11.2/stm32cubeide/plugins/com.st.stm32cube.ide.mcu.externaltools.gnu-tools-for-stm32.10.3-2021.10.win32_1.0.200.202301161003/tools/bin/../lib/gcc/arm-none-eabi/10.3.1/../../../../arm-none-eabi/lib/thumb/v7e-m/nofp\libc_nano.a(lib_a-memset.o)
 .ARM.attributes
                0x00000000000003a9       0x1e d:/programs/stm32cubeide_1.11.2/stm32cubeide/plugins/com.st.stm32cube.ide.mcu.externaltools.gnu-tools-for-stm32.10.3-2021.10.win32_1.0.200.202301161003/tools/bin/../lib/gcc/arm-none-eabi/10.3.1/thumb/v7e-m/nofp/crtn.o
OUTPUT(HAB_Tracker_CM4.elf elf32-littlearm)
LOAD linker stubs
LOAD d:/programs/stm32cubeide_1.11.2/stm32cubeide/plugins/com.st.stm32cube.ide.mcu.externaltools.gnu-tools-for-stm32.10.3-2021.10.win32_1.0.200.202301161003/tools/bin/../lib/gcc/arm-none-eabi/10.3.1/../../../../arm-none-eabi/lib/thumb/v7e-m/nofp\libc.a
LOAD d:/programs/stm32cubeide_1.11.2/stm32cubeide/plugins/com.st.stm32cube.ide.mcu.externaltools.gnu-tools-for-stm32.10.3-2021.10.win32_1.0.200.202301161003/tools/bin/../lib/gcc/arm-none-eabi/10.3.1/../../../../arm-none-eabi/lib/thumb/v7e-m/nofp\libm.a
LOAD d:/programs/stm32cubeide_1.11.2/stm32cubeide/plugins/com.st.stm32cube.ide.mcu.externaltools.gnu-tools-for-stm32.10.3-2021.10.win32_1.0.200.202301161003/tools/bin/../lib/gcc/arm-none-eabi/10.3.1/thumb/v7e-m/nofp\libgcc.a

.debug_info     0x0000000000000000    0x12986
 .debug_info    0x0000000000000000      0x566 ./Common/System/system_stm32wlxx.o
 .debug_info    0x0000000000000566     0x1891 ./Core/Src/main.o
 .debug_info    0x0000000000001df7     0x15a5 ./Core/Src/stm32wlxx_hal_msp.o
 .debug_info    0x000000000000339c      0x166 ./Core/Src/stm32wlxx_it.o
 .debug_info    0x0000000000003502       0x22 ./Core/Startup/startup_stm32wl55ccux.o
 .debug_info    0x0000000000003524     0x1209 ./Drivers/STM32WLxx_HAL_Driver/stm32wlxx_hal.o
 .debug_info    0x000000000000472d      0xdc3 ./Drivers/STM32WLxx_HAL_Driver/stm32wlxx_hal_cortex.o
 .debug_info    0x00000000000054f0      0x79c ./Drivers/STM32WLxx_HAL_Driver/stm32wlxx_hal_gpio.o
 .debug_info    0x0000000000005c8c     0x23b8 ./Drivers/STM32WLxx_HAL_Driver/stm32wlxx_hal_i2c.o
 .debug_info    0x0000000000008044      0x9b5 ./Drivers/STM32WLxx_HAL_Driver/stm32wlxx_hal_i2c_ex.o
 .debug_info    0x00000000000089f9      0x912 ./Drivers/STM32WLxx_HAL_Driver/stm32wlxx_hal_pwr.o
 .debug_info    0x000000000000930b      0xe53 ./Drivers/STM32WLxx_HAL_Driver/stm32wlxx_hal_pwr_ex.o
 .debug_info    0x000000000000a15e     0x14a8 ./Drivers/STM32WLxx_HAL_Driver/stm32wlxx_hal_rcc.o
 .debug_info    0x000000000000b606     0x102c ./Drivers/STM32WLxx_HAL_Driver/stm32wlxx_hal_rcc_ex.o
 .debug_info    0x000000000000c632     0x1ac6 ./Drivers/STM32WLxx_HAL_Driver/stm32wlxx_hal_spi.o
 .debug_info    0x000000000000e0f8     0x2e62 ./Drivers/STM32WLxx_HAL_Driver/stm32wlxx_hal_tim.o
 .debug_info    0x0000000000010f5a     0x1a2c ./Drivers/STM32WLxx_HAL_Driver/stm32wlxx_hal_tim_ex.o

.debug_abbrev   0x0000000000000000     0x258d
 .debug_abbrev  0x0000000000000000      0x138 ./Common/System/system_stm32wlxx.o
 .debug_abbrev  0x0000000000000138      0x2d9 ./Core/Src/main.o
 .debug_abbrev  0x0000000000000411      0x25f ./Core/Src/stm32wlxx_hal_msp.o
 .debug_abbrev  0x0000000000000670       0xad ./Core/Src/stm32wlxx_it.o
 .debug_abbrev  0x000000000000071d       0x12 ./Core/Startup/startup_stm32wl55ccux.o
 .debug_abbrev  0x000000000000072f      0x334 ./Drivers/STM32WLxx_HAL_Driver/stm32wlxx_hal.o
 .debug_abbrev  0x0000000000000a63      0x2d5 ./Drivers/STM32WLxx_HAL_Driver/stm32wlxx_hal_cortex.o
 .debug_abbrev  0x0000000000000d38      0x1d9 ./Drivers/STM32WLxx_HAL_Driver/stm32wlxx_hal_gpio.o
 .debug_abbrev  0x0000000000000f11      0x26d ./Drivers/STM32WLxx_HAL_Driver/stm32wlxx_hal_i2c.o
 .debug_abbrev  0x000000000000117e      0x1bd ./Drivers/STM32WLxx_HAL_Driver/stm32wlxx_hal_i2c_ex.o
 .debug_abbrev  0x000000000000133b      0x203 ./Drivers/STM32WLxx_HAL_Driver/stm32wlxx_hal_pwr.o
 .debug_abbrev  0x000000000000153e      0x2fa ./Drivers/STM32WLxx_HAL_Driver/stm32wlxx_hal_pwr_ex.o
 .debug_abbrev  0x0000000000001838      0x324 ./Drivers/STM32WLxx_HAL_Driver/stm32wlxx_hal_rcc.o
 .debug_abbrev  0x0000000000001b5c      0x2bd ./Drivers/STM32WLxx_HAL_Driver/stm32wlxx_hal_rcc_ex.o
 .debug_abbrev  0x0000000000001e19      0x27e ./Drivers/STM32WLxx_HAL_Driver/stm32wlxx_hal_spi.o
 .debug_abbrev  0x0000000000002097      0x275 ./Drivers/STM32WLxx_HAL_Driver/stm32wlxx_hal_tim.o
 .debug_abbrev  0x000000000000230c      0x281 ./Drivers/STM32WLxx_HAL_Driver/stm32wlxx_hal_tim_ex.o

.debug_aranges  0x0000000000000000     0x1678
 .debug_aranges
                0x0000000000000000       0x28 ./Common/System/system_stm32wlxx.o
 .debug_aranges
                0x0000000000000028       0x68 ./Core/Src/main.o
 .debug_aranges
                0x0000000000000090       0x78 ./Core/Src/stm32wlxx_hal_msp.o
 .debug_aranges
                0x0000000000000108       0x60 ./Core/Src/stm32wlxx_it.o
 .debug_aranges
                0x0000000000000168       0x28 ./Core/Startup/startup_stm32wl55ccux.o
 .debug_aranges
                0x0000000000000190      0x240 ./Drivers/STM32WLxx_HAL_Driver/stm32wlxx_hal.o
 .debug_aranges
                0x00000000000003d0      0x118 ./Drivers/STM32WLxx_HAL_Driver/stm32wlxx_hal_cortex.o
 .debug_aranges
                0x00000000000004e8       0x60 ./Drivers/STM32WLxx_HAL_Driver/stm32wlxx_hal_gpio.o
 .debug_aranges
                0x0000000000000548      0x2a0 ./Drivers/STM32WLxx_HAL_Driver/stm32wlxx_hal_i2c.o
 .debug_aranges
                0x00000000000007e8       0x48 ./Drivers/STM32WLxx_HAL_Driver/stm32wlxx_hal_i2c_ex.o
 .debug_aranges
                0x0000000000000830       0xc8 ./Drivers/STM32WLxx_HAL_Driver/stm32wlxx_hal_pwr.o
 .debug_aranges
                0x00000000000008f8      0x200 ./Drivers/STM32WLxx_HAL_Driver/stm32wlxx_hal_pwr_ex.o
 .debug_aranges
                0x0000000000000af8      0x230 ./Drivers/STM32WLxx_HAL_Driver/stm32wlxx_hal_rcc.o
 .debug_aranges
                0x0000000000000d28      0x1e8 ./Drivers/STM32WLxx_HAL_Driver/stm32wlxx_hal_rcc_ex.o
 .debug_aranges
                0x0000000000000f10      0x1f8 ./Drivers/STM32WLxx_HAL_Driver/stm32wlxx_hal_spi.o
 .debug_aranges
                0x0000000000001108      0x3e0 ./Drivers/STM32WLxx_HAL_Driver/stm32wlxx_hal_tim.o
 .debug_aranges
                0x00000000000014e8      0x190 ./Drivers/STM32WLxx_HAL_Driver/stm32wlxx_hal_tim_ex.o

.debug_ranges   0x0000000000000000     0x1570
 .debug_ranges  0x0000000000000000       0x18 ./Common/System/system_stm32wlxx.o
 .debug_ranges  0x0000000000000018       0x58 ./Core/Src/main.o
 .debug_ranges  0x0000000000000070       0x68 ./Core/Src/stm32wlxx_hal_msp.o
 .debug_ranges  0x00000000000000d8       0x50 ./Core/Src/stm32wlxx_it.o
 .debug_ranges  0x0000000000000128       0x20 ./Core/Startup/startup_stm32wl55ccux.o
 .debug_ranges  0x0000000000000148      0x230 ./Drivers/STM32WLxx_HAL_Driver/stm32wlxx_hal.o
 .debug_ranges  0x0000000000000378      0x108 ./Drivers/STM32WLxx_HAL_Driver/stm32wlxx_hal_cortex.o
 .debug_ranges  0x0000000000000480       0x50 ./Drivers/STM32WLxx_HAL_Driver/stm32wlxx_hal_gpio.o
 .debug_ranges  0x00000000000004d0      0x290 ./Drivers/STM32WLxx_HAL_Driver/stm32wlxx_hal_i2c.o
 .debug_ranges  0x0000000000000760       0x38 ./Drivers/STM32WLxx_HAL_Driver/stm32wlxx_hal_i2c_ex.o
 .debug_ranges  0x0000000000000798       0xb8 ./Drivers/STM32WLxx_HAL_Driver/stm32wlxx_hal_pwr.o
 .debug_ranges  0x0000000000000850      0x1f0 ./Drivers/STM32WLxx_HAL_Driver/stm32wlxx_hal_pwr_ex.o
 .debug_ranges  0x0000000000000a40      0x220 ./Drivers/STM32WLxx_HAL_Driver/stm32wlxx_hal_rcc.o
 .debug_ranges  0x0000000000000c60      0x1d8 ./Drivers/STM32WLxx_HAL_Driver/stm32wlxx_hal_rcc_ex.o
 .debug_ranges  0x0000000000000e38      0x1e8 ./Drivers/STM32WLxx_HAL_Driver/stm32wlxx_hal_spi.o
 .debug_ranges  0x0000000000001020      0x3d0 ./Drivers/STM32WLxx_HAL_Driver/stm32wlxx_hal_tim.o
 .debug_ranges  0x00000000000013f0      0x180 ./Drivers/STM32WLxx_HAL_Driver/stm32wlxx_hal_tim_ex.o

.debug_macro    0x0000000000000000    0x1c6fe
 .debug_macro   0x0000000000000000      0x233 ./Common/System/system_stm32wlxx.o
 .debug_macro   0x0000000000000233      0xa72 ./Common/System/system_stm32wlxx.o
 .debug_macro   0x0000000000000ca5       0x2e ./Common/System/system_stm32wlxx.o
 .debug_macro   0x0000000000000cd3       0x3a ./Common/System/system_stm32wlxx.o
 .debug_macro   0x0000000000000d0d       0x22 ./Common/System/system_stm32wlxx.o
 .debug_macro   0x0000000000000d2f       0x8e ./Common/System/system_stm32wlxx.o
 .debug_macro   0x0000000000000dbd       0x51 ./Common/System/system_stm32wlxx.o
 .debug_macro   0x0000000000000e0e      0x103 ./Common/System/system_stm32wlxx.o
 .debug_macro   0x0000000000000f11       0x6a ./Common/System/system_stm32wlxx.o
 .debug_macro   0x0000000000000f7b      0x1df ./Common/System/system_stm32wlxx.o
 .debug_macro   0x000000000000115a       0x1c ./Common/System/system_stm32wlxx.o
 .debug_macro   0x0000000000001176       0x22 ./Common/System/system_stm32wlxx.o
 .debug_macro   0x0000000000001198       0xfb ./Common/System/system_stm32wlxx.o
 .debug_macro   0x0000000000001293     0x1011 ./Common/System/system_stm32wlxx.o
 .debug_macro   0x00000000000022a4      0x11f ./Common/System/system_stm32wlxx.o
 .debug_macro   0x00000000000023c3     0xf31a ./Common/System/system_stm32wlxx.o
 .debug_macro   0x00000000000116dd       0x6d ./Common/System/system_stm32wlxx.o
 .debug_macro   0x000000000001174a      0x12a ./Common/System/system_stm32wlxx.o
 .debug_macro   0x0000000000011874     0x341d ./Common/System/system_stm32wlxx.o
 .debug_macro   0x0000000000014c91      0x174 ./Common/System/system_stm32wlxx.o
 .debug_macro   0x0000000000014e05       0x5c ./Common/System/system_stm32wlxx.o
 .debug_macro   0x0000000000014e61      0x416 ./Common/System/system_stm32wlxx.o
 .debug_macro   0x0000000000015277      0x29c ./Common/System/system_stm32wlxx.o
 .debug_macro   0x0000000000015513      0x35a ./Common/System/system_stm32wlxx.o
 .debug_macro   0x000000000001586d      0x196 ./Common/System/system_stm32wlxx.o
 .debug_macro   0x0000000000015a03       0x4a ./Common/System/system_stm32wlxx.o
 .debug_macro   0x0000000000015a4d      0x236 ./Common/System/system_stm32wlxx.o
 .debug_macro   0x0000000000015c83      0x229 ./Common/System/system_stm32wlxx.o
 .debug_macro   0x0000000000015eac      0x3fa ./Common/System/system_stm32wlxx.o
 .debug_macro   0x00000000000162a6       0x2e ./Common/System/system_stm32wlxx.o
 .debug_macro   0x00000000000162d4      0x107 ./Common/System/system_stm32wlxx.o
 .debug_macro   0x00000000000163db      0x1ba ./Common/System/system_stm32wlxx.o
 .debug_macro   0x0000000000016595       0xe6 ./Common/System/system_stm32wlxx.o
 .debug_macro   0x000000000001667b      0x22c ./Common/System/system_stm32wlxx.o
 .debug_macro   0x00000000000168a7       0x55 ./Common/System/system_stm32wlxx.o
 .debug_macro   0x00000000000168fc       0xa5 ./Common/System/system_stm32wlxx.o
 .debug_macro   0x00000000000169a1      0x283 ./Common/System/system_stm32wlxx.o
 .debug_macro   0x0000000000016c24      0x133 ./Common/System/system_stm32wlxx.o
 .debug_macro   0x0000000000016d57      0x36f ./Common/System/system_stm32wlxx.o
 .debug_macro   0x00000000000170c6      0x683 ./Common/System/system_stm32wlxx.o
 .debug_macro   0x0000000000017749      0x20e ./Common/System/system_stm32wlxx.o
 .debug_macro   0x0000000000017957      0xfb4 ./Common/System/system_stm32wlxx.o
 .debug_macro   0x000000000001890b      0x136 ./Common/System/system_stm32wlxx.o
 .debug_macro   0x0000000000018a41      0x2db ./Common/System/system_stm32wlxx.o
 .debug_macro   0x0000000000018d1c      0x2fe ./Common/System/system_stm32wlxx.o
 .debug_macro   0x000000000001901a      0xac2 ./Common/System/system_stm32wlxx.o
 .debug_macro   0x0000000000019adc       0xfa ./Common/System/system_stm32wlxx.o
 .debug_macro   0x0000000000019bd6      0x45a ./Common/System/system_stm32wlxx.o
 .debug_macro   0x000000000001a030      0x3c0 ./Common/System/system_stm32wlxx.o
 .debug_macro   0x000000000001a3f0      0x23d ./Core/Src/main.o
 .debug_macro   0x000000000001a62d      0x23d ./Core/Src/stm32wlxx_hal_msp.o
 .debug_macro   0x000000000001a86a      0x247 ./Core/Src/stm32wlxx_it.o
 .debug_macro   0x000000000001aab1      0x257 ./Drivers/STM32WLxx_HAL_Driver/stm32wlxx_hal.o
 .debug_macro   0x000000000001ad08      0x233 ./Drivers/STM32WLxx_HAL_Driver/stm32wlxx_hal_cortex.o
 .debug_macro   0x000000000001af3b      0x239 ./Drivers/STM32WLxx_HAL_Driver/stm32wlxx_hal_gpio.o
 .debug_macro   0x000000000001b174      0x2ff ./Drivers/STM32WLxx_HAL_Driver/stm32wlxx_hal_i2c.o
 .debug_macro   0x000000000001b473      0x233 ./Drivers/STM32WLxx_HAL_Driver/stm32wlxx_hal_i2c_ex.o
 .debug_macro   0x000000000001b6a6      0x28d ./Drivers/STM32WLxx_HAL_Driver/stm32wlxx_hal_pwr.o
 .debug_macro   0x000000000001b933      0x245 ./Drivers/STM32WLxx_HAL_Driver/stm32wlxx_hal_pwr_ex.o
 .debug_macro   0x000000000001bb78      0x293 ./Drivers/STM32WLxx_HAL_Driver/stm32wlxx_hal_rcc.o
 .debug_macro   0x000000000001be0b      0x245 ./Drivers/STM32WLxx_HAL_Driver/stm32wlxx_hal_rcc_ex.o
 .debug_macro   0x000000000001c050      0x23b ./Drivers/STM32WLxx_HAL_Driver/stm32wlxx_hal_spi.o
 .debug_macro   0x000000000001c28b      0x234 ./Drivers/STM32WLxx_HAL_Driver/stm32wlxx_hal_tim.o
 .debug_macro   0x000000000001c4bf      0x23f ./Drivers/STM32WLxx_HAL_Driver/stm32wlxx_hal_tim_ex.o

.debug_line     0x0000000000000000    0x15042
 .debug_line    0x0000000000000000      0x863 ./Common/System/system_stm32wlxx.o
 .debug_line    0x0000000000000863      0xa05 ./Core/Src/main.o
 .debug_line    0x0000000000001268      0x997 ./Core/Src/stm32wlxx_hal_msp.o
 .debug_line    0x0000000000001bff      0x874 ./Core/Src/stm32wlxx_it.o
 .debug_line    0x0000000000002473       0x89 ./Core/Startup/startup_stm32wl55ccux.o
 .debug_line    0x00000000000024fc      0xf77 ./Drivers/STM32WLxx_HAL_Driver/stm32wlxx_hal.o
 .debug_line    0x0000000000003473      0xd5e ./Drivers/STM32WLxx_HAL_Driver/stm32wlxx_hal_cortex.o
 .debug_line    0x00000000000041d1      0xbd3 ./Drivers/STM32WLxx_HAL_Driver/stm32wlxx_hal_gpio.o
 .debug_line    0x0000000000004da4     0x377a ./Drivers/STM32WLxx_HAL_Driver/stm32wlxx_hal_i2c.o
 .debug_line    0x000000000000851e      0x9e6 ./Drivers/STM32WLxx_HAL_Driver/stm32wlxx_hal_i2c_ex.o
 .debug_line    0x0000000000008f04      0xa57 ./Drivers/STM32WLxx_HAL_Driver/stm32wlxx_hal_pwr.o
 .debug_line    0x000000000000995b      0xf35 ./Drivers/STM32WLxx_HAL_Driver/stm32wlxx_hal_pwr_ex.o
 .debug_line    0x000000000000a890     0x178d ./Drivers/STM32WLxx_HAL_Driver/stm32wlxx_hal_rcc.o
 .debug_line    0x000000000000c01d     0x13cf ./Drivers/STM32WLxx_HAL_Driver/stm32wlxx_hal_rcc_ex.o
 .debug_line    0x000000000000d3ec     0x2403 ./Drivers/STM32WLxx_HAL_Driver/stm32wlxx_hal_spi.o
 .debug_line    0x000000000000f7ef     0x3ba3 ./Drivers/STM32WLxx_HAL_Driver/stm32wlxx_hal_tim.o
 .debug_line    0x0000000000013392     0x1cb0 ./Drivers/STM32WLxx_HAL_Driver/stm32wlxx_hal_tim_ex.o

.debug_str      0x0000000000000000    0xb63c7
 .debug_str     0x0000000000000000    0xaf7a1 ./Common/System/system_stm32wlxx.o
                                      0xafe9e (size before relaxing)
 .debug_str     0x00000000000af7a1      0xe43 ./Core/Src/main.o
                                      0xb0daa (size before relaxing)
 .debug_str     0x00000000000b05e4      0x2f9 ./Core/Src/stm32wlxx_hal_msp.o
                                      0xb0bfa (size before relaxing)
 .debug_str     0x00000000000b08dd       0xc9 ./Core/Src/stm32wlxx_it.o
                                      0xafc90 (size before relaxing)
 .debug_str     0x00000000000b09a6       0x36 ./Core/Startup/startup_stm32wl55ccux.o
                                         0x5c (size before relaxing)
 .debug_str     0x00000000000b09dc      0xd0c ./Drivers/STM32WLxx_HAL_Driver/stm32wlxx_hal.o
                                      0xb0c81 (size before relaxing)
 .debug_str     0x00000000000b16e8      0x3b1 ./Drivers/STM32WLxx_HAL_Driver/stm32wlxx_hal_cortex.o
                                      0xb057f (size before relaxing)
 .debug_str     0x00000000000b1a99      0x1a1 ./Drivers/STM32WLxx_HAL_Driver/stm32wlxx_hal_gpio.o
                                      0xafef2 (size before relaxing)
 .debug_str     0x00000000000b1c3a      0xeec ./Drivers/STM32WLxx_HAL_Driver/stm32wlxx_hal_i2c.o
                                      0xb1124 (size before relaxing)
 .debug_str     0x00000000000b2b26       0xd1 ./Drivers/STM32WLxx_HAL_Driver/stm32wlxx_hal_i2c_ex.o
                                      0xb0340 (size before relaxing)
 .debug_str     0x00000000000b2bf7      0x55f ./Drivers/STM32WLxx_HAL_Driver/stm32wlxx_hal_pwr.o
                                      0xb02f1 (size before relaxing)
 .debug_str     0x00000000000b3156      0x6bd ./Drivers/STM32WLxx_HAL_Driver/stm32wlxx_hal_pwr_ex.o
                                      0xb0651 (size before relaxing)
 .debug_str     0x00000000000b3813      0xacc ./Drivers/STM32WLxx_HAL_Driver/stm32wlxx_hal_rcc.o
                                      0xb0c65 (size before relaxing)
 .debug_str     0x00000000000b42df      0x582 ./Drivers/STM32WLxx_HAL_Driver/stm32wlxx_hal_rcc_ex.o
                                      0xb07c0 (size before relaxing)
 .debug_str     0x00000000000b4861      0x5f3 ./Drivers/STM32WLxx_HAL_Driver/stm32wlxx_hal_spi.o
                                      0xb07bc (size before relaxing)
 .debug_str     0x00000000000b4e54      0xe1c ./Drivers/STM32WLxx_HAL_Driver/stm32wlxx_hal_tim.o
                                      0xb1262 (size before relaxing)
 .debug_str     0x00000000000b5c70      0x757 ./Drivers/STM32WLxx_HAL_Driver/stm32wlxx_hal_tim_ex.o
                                      0xb0cf7 (size before relaxing)

.comment        0x0000000000000000       0x50
 .comment       0x0000000000000000       0x50 ./Common/System/system_stm32wlxx.o
                                         0x51 (size before relaxing)
 .comment       0x0000000000000050       0x51 ./Core/Src/main.o
 .comment       0x0000000000000050       0x51 ./Core/Src/stm32wlxx_hal_msp.o
 .comment       0x0000000000000050       0x51 ./Core/Src/stm32wlxx_it.o
 .comment       0x0000000000000050       0x51 ./Drivers/STM32WLxx_HAL_Driver/stm32wlxx_hal.o
 .comment       0x0000000000000050       0x51 ./Drivers/STM32WLxx_HAL_Driver/stm32wlxx_hal_cortex.o
 .comment       0x0000000000000050       0x51 ./Drivers/STM32WLxx_HAL_Driver/stm32wlxx_hal_gpio.o
 .comment       0x0000000000000050       0x51 ./Drivers/STM32WLxx_HAL_Driver/stm32wlxx_hal_i2c.o
 .comment       0x0000000000000050       0x51 ./Drivers/STM32WLxx_HAL_Driver/stm32wlxx_hal_i2c_ex.o
 .comment       0x0000000000000050       0x51 ./Drivers/STM32WLxx_HAL_Driver/stm32wlxx_hal_pwr.o
 .comment       0x0000000000000050       0x51 ./Drivers/STM32WLxx_HAL_Driver/stm32wlxx_hal_pwr_ex.o
 .comment       0x0000000000000050       0x51 ./Drivers/STM32WLxx_HAL_Driver/stm32wlxx_hal_rcc.o
 .comment       0x0000000000000050       0x51 ./Drivers/STM32WLxx_HAL_Driver/stm32wlxx_hal_rcc_ex.o
 .comment       0x0000000000000050       0x51 ./Drivers/STM32WLxx_HAL_Driver/stm32wlxx_hal_spi.o
 .comment       0x0000000000000050       0x51 ./Drivers/STM32WLxx_HAL_Driver/stm32wlxx_hal_tim.o
 .comment       0x0000000000000050       0x51 ./Drivers/STM32WLxx_HAL_Driver/stm32wlxx_hal_tim_ex.o

.debug_frame    0x0000000000000000     0x5ff4
 .debug_frame   0x0000000000000000       0x58 ./Common/System/system_stm32wlxx.o
 .debug_frame   0x0000000000000058      0x148 ./Core/Src/main.o
 .debug_frame   0x00000000000001a0      0x1d0 ./Core/Src/stm32wlxx_hal_msp.o
 .debug_frame   0x0000000000000370      0x104 ./Core/Src/stm32wlxx_it.o
 .debug_frame   0x0000000000000474      0x948 ./Drivers/STM32WLxx_HAL_Driver/stm32wlxx_hal.o
 .debug_frame   0x0000000000000dbc      0x498 ./Drivers/STM32WLxx_HAL_Driver/stm32wlxx_hal_cortex.o
 .debug_frame   0x0000000000001254      0x174 ./Drivers/STM32WLxx_HAL_Driver/stm32wlxx_hal_gpio.o
 .debug_frame   0x00000000000013c8      0xc38 ./Drivers/STM32WLxx_HAL_Driver/stm32wlxx_hal_i2c.o
 .debug_frame   0x0000000000002000      0x100 ./Drivers/STM32WLxx_HAL_Driver/stm32wlxx_hal_i2c_ex.o
 .debug_frame   0x0000000000002100      0x31c ./Drivers/STM32WLxx_HAL_Driver/stm32wlxx_hal_pwr.o
 .debug_frame   0x000000000000241c      0x894 ./Drivers/STM32WLxx_HAL_Driver/stm32wlxx_hal_pwr_ex.o
 .debug_frame   0x0000000000002cb0      0x8fc ./Drivers/STM32WLxx_HAL_Driver/stm32wlxx_hal_rcc.o
 .debug_frame   0x00000000000035ac      0x7ec ./Drivers/STM32WLxx_HAL_Driver/stm32wlxx_hal_rcc_ex.o
 .debug_frame   0x0000000000003d98      0x8f8 ./Drivers/STM32WLxx_HAL_Driver/stm32wlxx_hal_spi.o
 .debug_frame   0x0000000000004690     0x121c ./Drivers/STM32WLxx_HAL_Driver/stm32wlxx_hal_tim.o
 .debug_frame   0x00000000000058ac      0x6fc ./Drivers/STM32WLxx_HAL_Driver/stm32wlxx_hal_tim_ex.o
 .debug_frame   0x0000000000005fa8       0x2c d:/programs/stm32cubeide_1.11.2/stm32cubeide/plugins/com.st.stm32cube.ide.mcu.externaltools.gnu-tools-for-stm32.10.3-2021.10.win32_1.0.200.202301161003/tools/bin/../lib/gcc/arm-none-eabi/10.3.1/../../../../arm-none-eabi/lib/thumb/v7e-m/nofp\libc_nano.a(lib_a-init.o)
 .debug_frame   0x0000000000005fd4       0x20 d:/programs/stm32cubeide_1.11.2/stm32cubeide/plugins/com.st.stm32cube.ide.mcu.externaltools.gnu-tools-for-stm32.10.3-2021.10.win32_1.0.200.202301161003/tools/bin/../lib/gcc/arm-none-eabi/10.3.1/../../../../arm-none-eabi/lib/thumb/v7e-m/nofp\libc_nano.a(lib_a-memset.o)
