../../Drivers/STM32WLxx_HAL_Driver/Inc/stm32wlxx_ll_bus.h:449:22:LL_AHB2_GRP1_EnableClock	24	static
../Core/Src/main.c:76:5:main	8	static
../Core/Src/main.c:127:6:SystemClock_Config	112	static
../Core/Src/main.c:176:13:MX_I2C1_Init	8	static
../Core/Src/main.c:224:13:MX_I2C2_Init	8	static
../Core/Src/main.c:272:13:MX_SPI1_Init	8	static
../Core/Src/main.c:312:13:MX_TIM1_Init	40	static
../Core/Src/main.c:359:13:MX_TIM2_Init	40	static
../Core/Src/main.c:405:13:MX_GPIO_Init	8	static
../Core/Src/main.c:426:6:Error_Handler	4	static,ignoring_inline_asm
